<html>
<body>
<pre>
<h1>µVision Build Log</h1>
<h2>Tool Versions:</h2>
IDE-Version: µVision V5.41.0.0
Copyright (C) 2024 ARM Ltd and ARM Germany GmbH. All rights reserved.
License Information: Ogulcan Gurelli, Queen Mary University of London, LIC=----
 
Tool Versions:
Toolchain:       MDK-Lite  Version: 5.41.0.0
Toolchain Path:  C:\Users\oj09i\AppData\Local\Keil_v5\ARM\ARMCLANG\Bin
C Compiler:      ArmClang.exe V6.22
Assembler:       Armasm.exe V6.22
Linker/Locator:  ArmLink.exe V6.22
Library Manager: ArmAr.exe V6.22
Hex Converter:   FromElf.exe V6.22
CPU DLL:         SARMCM3.DLL V5.41.0.0
Dialog DLL:      DARMCM1.DLL V1.19.6.0
Target DLL:      CMSIS_AGDI.dll V1.33.21.0
Dialog DLL:      TARMCM1.DLL V1.14.6.0
 
<h2>Project:</h2>
C:\Users\oj09i\Documents\qmul year2\lab2-oljen\Lab2.uvprojx
Project File Date:  10/24/2024

<h2>Output:</h2>
*** Using Compiler 'V6.22', folder: 'C:\Users\oj09i\AppData\Local\Keil_v5\ARM\ARMCLANG\Bin'
Build target 'KL28Z'
compiling main.c...
linking...
Program Size: Code=3360 RO-data=408 RW-data=12 ZI-data=2068  
".\Objects\Lab2.axf" - 0 Error(s), 0 Warning(s).

<h2>Software Packages used:</h2>

Package Vendor: ARM
                https://www.keil.com/pack/ARM.CMSIS.6.1.0.pack
                ARM::CMSIS@6.1.0
                CMSIS (Common Microcontroller Software Interface Standard)
   * Component: CORE Version: 6.1.0

Package Vendor: NXP
                http://mcuxpresso.nxp.com/cmsis_pack/repo/NXP.MKL28Z7_DFP.11.0.1.pack
                NXP::MKL28Z7_DFP@11.0.1
                Device Family Pack for MKL28Z7
   * Component: MKL28Z7_startup Version: 1.0.0

<h2>Collection of Component include folders:</h2>
  ./RTE/Device/MKL28Z512VLL7
  ./RTE/_KL28Z
  C:/Users/oj09i/AppData/Local/Arm/Packs/ARM/CMSIS/6.1.0/CMSIS/Core/Include
  C:/Users/oj09i/AppData/Local/Arm/Packs/NXP/MKL28Z7_DFP/11.0.1

<h2>Collection of Component Files used:</h2>

   * Component: ARM::CMSIS:CORE@6.1.0

   * Component: NXP::Device:Startup:MKL28Z7_startup@1.0.0
      Include file:  MKL28Z7_features.h
      Include file:  MKL28Z7.h
      Include file:  system_MKL28Z7.h
      Source file:   system_MKL28Z7.c
      Source file:   arm/startup_MKL28Z7.s
      Include file:  fsl_device_registers.h
Build Time Elapsed:  00:00:01
</pre>
</body>
</html>
