<!doctype html public "-//w3c//dtd html 4.0 transitional//en">
<html><head>
<title>Static Call Graph - [.\Objects\Lab2.axf]</title></head>
<body><HR>
<H1>Static Call Graph for image .\Objects\Lab2.axf</H1><HR>
<BR><P>#&#060CALLGRAPH&#062# ARM Linker, 6220000: Last Updated: Thu Oct 24 00:54:47 2024
<BR><P>
<H3>Maximum Stack Usage =         88 bytes + Unknown(Cycles, Untraceable Function Pointers)</H3><H3>
Call chain for Maximum Stack Depth:</H3>
__rt_entry_main &rArr; main &rArr; task2LED &rArr; invertLEDs &rArr; ledOnOff
<P>
<H3>
Mutually Recursive functions
</H3> <LI><a href="#[1]">NMI_Handler</a>&nbsp;&nbsp;&nbsp;&rArr;&nbsp;&nbsp;&nbsp;<a href="#[1]">NMI_Handler</a><BR>
 <LI><a href="#[2]">HardFault_Handler</a>&nbsp;&nbsp;&nbsp;&rArr;&nbsp;&nbsp;&nbsp;<a href="#[2]">HardFault_Handler</a><BR>
 <LI><a href="#[3]">SVC_Handler</a>&nbsp;&nbsp;&nbsp;&rArr;&nbsp;&nbsp;&nbsp;<a href="#[3]">SVC_Handler</a><BR>
 <LI><a href="#[4]">PendSV_Handler</a>&nbsp;&nbsp;&nbsp;&rArr;&nbsp;&nbsp;&nbsp;<a href="#[4]">PendSV_Handler</a><BR>
</UL>
<P>
<H3>
Function Pointers
</H3><UL>
 <LI><a href="#[1f]">ADC0_IRQHandler</a> from startup_mkl28z7.o(.text) referenced from startup_mkl28z7.o(RESET)
 <LI><a href="#[36]">CMP0_IRQHandler</a> from startup_mkl28z7.o(.text) referenced from startup_mkl28z7.o(RESET)
 <LI><a href="#[37]">CMP1_IRQHandler</a> from startup_mkl28z7.o(.text) referenced from startup_mkl28z7.o(RESET)
 <LI><a href="#[4c]">CTI0_DMA0_Error_DriverIRQHandler</a> from startup_mkl28z7.o(.text) referenced from startup_mkl28z7.o(.text)
 <LI><a href="#[a]">CTI0_DMA0_Error_IRQHandler</a> from startup_mkl28z7.o(.text) referenced from startup_mkl28z7.o(RESET)
 <LI><a href="#[33]">DAC0_IRQHandler</a> from startup_mkl28z7.o(.text) referenced from startup_mkl28z7.o(RESET)
 <LI><a href="#[48]">DMA0_04_DriverIRQHandler</a> from startup_mkl28z7.o(.text) referenced from startup_mkl28z7.o(.text)
 <LI><a href="#[6]">DMA0_04_IRQHandler</a> from startup_mkl28z7.o(.text) referenced from startup_mkl28z7.o(RESET)
 <LI><a href="#[49]">DMA0_15_DriverIRQHandler</a> from startup_mkl28z7.o(.text) referenced from startup_mkl28z7.o(.text)
 <LI><a href="#[7]">DMA0_15_IRQHandler</a> from startup_mkl28z7.o(.text) referenced from startup_mkl28z7.o(RESET)
 <LI><a href="#[4a]">DMA0_26_DriverIRQHandler</a> from startup_mkl28z7.o(.text) referenced from startup_mkl28z7.o(.text)
 <LI><a href="#[8]">DMA0_26_IRQHandler</a> from startup_mkl28z7.o(.text) referenced from startup_mkl28z7.o(RESET)
 <LI><a href="#[4b]">DMA0_37_DriverIRQHandler</a> from startup_mkl28z7.o(.text) referenced from startup_mkl28z7.o(.text)
 <LI><a href="#[9]">DMA0_37_IRQHandler</a> from startup_mkl28z7.o(.text) referenced from startup_mkl28z7.o(RESET)
 <LI><a href="#[5c]">DefaultISR</a> from startup_mkl28z7.o(.text) referenced from startup_mkl28z7.o(.text)
 <LI><a href="#[2c]">EMVSIM0_IRQHandler</a> from startup_mkl28z7.o(.text) referenced from startup_mkl28z7.o(RESET)
 <LI><a href="#[4d]">FLEXIO0_DriverIRQHandler</a> from startup_mkl28z7.o(.text) referenced from startup_mkl28z7.o(.text)
 <LI><a href="#[b]">FLEXIO0_IRQHandler</a> from startup_mkl28z7.o(.text) referenced from startup_mkl28z7.o(RESET)
 <LI><a href="#[30]">FTFA_IRQHandler</a> from startup_mkl28z7.o(.text) referenced from startup_mkl28z7.o(RESET)
 <LI><a href="#[2]">HardFault_Handler</a> from startup_mkl28z7.o(.text) referenced from startup_mkl28z7.o(RESET)
 <LI><a href="#[54]">I2S0_DriverIRQHandler</a> from startup_mkl28z7.o(.text) referenced from startup_mkl28z7.o(.text)
 <LI><a href="#[1d]">I2S0_IRQHandler</a> from startup_mkl28z7.o(.text) referenced from startup_mkl28z7.o(RESET)
 <LI><a href="#[55]">INTMUX0_0_DriverIRQHandler</a> from startup_mkl28z7.o(.text) referenced from startup_mkl28z7.o(.text)
 <LI><a href="#[22]">INTMUX0_0_IRQHandler</a> from startup_mkl28z7.o(.text) referenced from startup_mkl28z7.o(RESET)
 <LI><a href="#[56]">INTMUX0_1_DriverIRQHandler</a> from startup_mkl28z7.o(.text) referenced from startup_mkl28z7.o(.text)
 <LI><a href="#[23]">INTMUX0_1_IRQHandler</a> from startup_mkl28z7.o(.text) referenced from startup_mkl28z7.o(RESET)
 <LI><a href="#[57]">INTMUX0_2_DriverIRQHandler</a> from startup_mkl28z7.o(.text) referenced from startup_mkl28z7.o(.text)
 <LI><a href="#[24]">INTMUX0_2_IRQHandler</a> from startup_mkl28z7.o(.text) referenced from startup_mkl28z7.o(RESET)
 <LI><a href="#[58]">INTMUX0_3_DriverIRQHandler</a> from startup_mkl28z7.o(.text) referenced from startup_mkl28z7.o(.text)
 <LI><a href="#[25]">INTMUX0_3_IRQHandler</a> from startup_mkl28z7.o(.text) referenced from startup_mkl28z7.o(RESET)
 <LI><a href="#[1c]">LLWU0_IRQHandler</a> from startup_mkl28z7.o(.text) referenced from startup_mkl28z7.o(RESET)
 <LI><a href="#[52]">LPI2C0_DriverIRQHandler</a> from startup_mkl28z7.o(.text) referenced from startup_mkl28z7.o(.text)
 <LI><a href="#[14]">LPI2C0_IRQHandler</a> from startup_mkl28z7.o(.text) referenced from startup_mkl28z7.o(RESET)
 <LI><a href="#[53]">LPI2C1_DriverIRQHandler</a> from startup_mkl28z7.o(.text) referenced from startup_mkl28z7.o(.text)
 <LI><a href="#[15]">LPI2C1_IRQHandler</a> from startup_mkl28z7.o(.text) referenced from startup_mkl28z7.o(RESET)
 <LI><a href="#[5b]">LPI2C2_DriverIRQHandler</a> from startup_mkl28z7.o(.text) referenced from startup_mkl28z7.o(.text)
 <LI><a href="#[2d]">LPI2C2_IRQHandler</a> from startup_mkl28z7.o(.text) referenced from startup_mkl28z7.o(RESET)
 <LI><a href="#[f]">LPIT0_IRQHandler</a> from startup_mkl28z7.o(.text) referenced from startup_mkl28z7.o(RESET)
 <LI><a href="#[4e]">LPSPI0_DriverIRQHandler</a> from startup_mkl28z7.o(.text) referenced from startup_mkl28z7.o(.text)
 <LI><a href="#[10]">LPSPI0_IRQHandler</a> from startup_mkl28z7.o(.text) referenced from startup_mkl28z7.o(RESET)
 <LI><a href="#[4f]">LPSPI1_DriverIRQHandler</a> from startup_mkl28z7.o(.text) referenced from startup_mkl28z7.o(.text)
 <LI><a href="#[11]">LPSPI1_IRQHandler</a> from startup_mkl28z7.o(.text) referenced from startup_mkl28z7.o(RESET)
 <LI><a href="#[59]">LPSPI2_DriverIRQHandler</a> from startup_mkl28z7.o(.text) referenced from startup_mkl28z7.o(.text)
 <LI><a href="#[2a]">LPSPI2_IRQHandler</a> from startup_mkl28z7.o(.text) referenced from startup_mkl28z7.o(RESET)
 <LI><a href="#[20]">LPTMR0_IRQHandler</a> from startup_mkl28z7.o(.text) referenced from startup_mkl28z7.o(RESET)
 <LI><a href="#[26]">LPTMR1_IRQHandler</a> from startup_mkl28z7.o(.text) referenced from startup_mkl28z7.o(RESET)
 <LI><a href="#[50]">LPUART0_DriverIRQHandler</a> from startup_mkl28z7.o(.text) referenced from startup_mkl28z7.o(.text)
 <LI><a href="#[12]">LPUART0_IRQHandler</a> from startup_mkl28z7.o(.text) referenced from startup_mkl28z7.o(RESET)
 <LI><a href="#[51]">LPUART1_DriverIRQHandler</a> from startup_mkl28z7.o(.text) referenced from startup_mkl28z7.o(.text)
 <LI><a href="#[13]">LPUART1_IRQHandler</a> from startup_mkl28z7.o(.text) referenced from startup_mkl28z7.o(RESET)
 <LI><a href="#[5a]">LPUART2_DriverIRQHandler</a> from startup_mkl28z7.o(.text) referenced from startup_mkl28z7.o(.text)
 <LI><a href="#[2b]">LPUART2_IRQHandler</a> from startup_mkl28z7.o(.text) referenced from startup_mkl28z7.o(RESET)
 <LI><a href="#[1]">NMI_Handler</a> from startup_mkl28z7.o(.text) referenced from startup_mkl28z7.o(RESET)
 <LI><a href="#[2f]">PMC_IRQHandler</a> from startup_mkl28z7.o(.text) referenced from startup_mkl28z7.o(RESET)
 <LI><a href="#[17]">PORTA_IRQHandler</a> from startup_mkl28z7.o(.text) referenced from startup_mkl28z7.o(RESET)
 <LI><a href="#[18]">PORTB_IRQHandler</a> from startup_mkl28z7.o(.text) referenced from startup_mkl28z7.o(RESET)
 <LI><a href="#[19]">PORTC_IRQHandler</a> from startup_mkl28z7.o(.text) referenced from startup_mkl28z7.o(RESET)
 <LI><a href="#[1a]">PORTD_IRQHandler</a> from startup_mkl28z7.o(.text) referenced from startup_mkl28z7.o(RESET)
 <LI><a href="#[1b]">PORTE_IRQHandler</a> from main.o(.text.PORTE_IRQHandler) referenced from startup_mkl28z7.o(RESET)
 <LI><a href="#[4]">PendSV_Handler</a> from startup_mkl28z7.o(.text) referenced from startup_mkl28z7.o(RESET)
 <LI><a href="#[35]">RCM_IRQHandler</a> from startup_mkl28z7.o(.text) referenced from startup_mkl28z7.o(RESET)
 <LI><a href="#[38]">RTC_IRQHandler</a> from startup_mkl28z7.o(.text) referenced from startup_mkl28z7.o(RESET)
 <LI><a href="#[21]">RTC_Seconds_IRQHandler</a> from startup_mkl28z7.o(.text) referenced from startup_mkl28z7.o(RESET)
 <LI><a href="#[16]">Reserved32_IRQHandler</a> from startup_mkl28z7.o(.text) referenced from startup_mkl28z7.o(RESET)
 <LI><a href="#[27]">Reserved49_IRQHandler</a> from startup_mkl28z7.o(.text) referenced from startup_mkl28z7.o(RESET)
 <LI><a href="#[28]">Reserved50_IRQHandler</a> from startup_mkl28z7.o(.text) referenced from startup_mkl28z7.o(RESET)
 <LI><a href="#[29]">Reserved51_IRQHandler</a> from startup_mkl28z7.o(.text) referenced from startup_mkl28z7.o(RESET)
 <LI><a href="#[39]">Reserved67_IRQHandler</a> from startup_mkl28z7.o(.text) referenced from startup_mkl28z7.o(RESET)
 <LI><a href="#[3a]">Reserved68_IRQHandler</a> from startup_mkl28z7.o(.text) referenced from startup_mkl28z7.o(RESET)
 <LI><a href="#[3b]">Reserved69_IRQHandler</a> from startup_mkl28z7.o(.text) referenced from startup_mkl28z7.o(RESET)
 <LI><a href="#[3c]">Reserved70_IRQHandler</a> from startup_mkl28z7.o(.text) referenced from startup_mkl28z7.o(RESET)
 <LI><a href="#[3d]">Reserved71_IRQHandler</a> from startup_mkl28z7.o(.text) referenced from startup_mkl28z7.o(RESET)
 <LI><a href="#[3e]">Reserved72_IRQHandler</a> from startup_mkl28z7.o(.text) referenced from startup_mkl28z7.o(RESET)
 <LI><a href="#[3f]">Reserved73_IRQHandler</a> from startup_mkl28z7.o(.text) referenced from startup_mkl28z7.o(RESET)
 <LI><a href="#[40]">Reserved74_IRQHandler</a> from startup_mkl28z7.o(.text) referenced from startup_mkl28z7.o(RESET)
 <LI><a href="#[41]">Reserved75_IRQHandler</a> from startup_mkl28z7.o(.text) referenced from startup_mkl28z7.o(RESET)
 <LI><a href="#[42]">Reserved76_IRQHandler</a> from startup_mkl28z7.o(.text) referenced from startup_mkl28z7.o(RESET)
 <LI><a href="#[43]">Reserved77_IRQHandler</a> from startup_mkl28z7.o(.text) referenced from startup_mkl28z7.o(RESET)
 <LI><a href="#[44]">Reserved78_IRQHandler</a> from startup_mkl28z7.o(.text) referenced from startup_mkl28z7.o(RESET)
 <LI><a href="#[45]">Reserved79_IRQHandler</a> from startup_mkl28z7.o(.text) referenced from startup_mkl28z7.o(RESET)
 <LI><a href="#[0]">Reset_Handler</a> from startup_mkl28z7.o(.text) referenced from startup_mkl28z7.o(RESET)
 <LI><a href="#[31]">SCG_IRQHandler</a> from startup_mkl28z7.o(.text) referenced from startup_mkl28z7.o(RESET)
 <LI><a href="#[3]">SVC_Handler</a> from startup_mkl28z7.o(.text) referenced from startup_mkl28z7.o(RESET)
 <LI><a href="#[5]">SysTick_Handler</a> from systick.o(.text.SysTick_Handler) referenced from startup_mkl28z7.o(RESET)
 <LI><a href="#[46]">SystemInit</a> from system_mkl28z7.o(.text.SystemInit) referenced from startup_mkl28z7.o(.text)
 <LI><a href="#[c]">TPM0_IRQHandler</a> from startup_mkl28z7.o(.text) referenced from startup_mkl28z7.o(RESET)
 <LI><a href="#[d]">TPM1_IRQHandler</a> from startup_mkl28z7.o(.text) referenced from startup_mkl28z7.o(RESET)
 <LI><a href="#[e]">TPM2_IRQHandler</a> from startup_mkl28z7.o(.text) referenced from startup_mkl28z7.o(RESET)
 <LI><a href="#[34]">TRNG_IRQHandler</a> from startup_mkl28z7.o(.text) referenced from startup_mkl28z7.o(RESET)
 <LI><a href="#[2e]">TSI0_IRQHandler</a> from startup_mkl28z7.o(.text) referenced from startup_mkl28z7.o(RESET)
 <LI><a href="#[1e]">USB0_IRQHandler</a> from startup_mkl28z7.o(.text) referenced from startup_mkl28z7.o(RESET)
 <LI><a href="#[32]">WDOG0_IRQHandler</a> from startup_mkl28z7.o(.text) referenced from startup_mkl28z7.o(RESET)
 <LI><a href="#[47]">__main</a> from __main.o(!!!main) referenced from startup_mkl28z7.o(.text)
</UL>
<P>
<H3>
Global Symbols
</H3>
<P><STRONG><a name="[47]"></a>__main</STRONG> (Thumb, 8 bytes, Stack size 0 bytes, __main.o(!!!main))
<BR><BR>[Calls]<UL><LI><a href="#[5d]">&gt;&gt;</a>&nbsp;&nbsp;&nbsp;__scatterload
<LI><a href="#[5e]">&gt;&gt;</a>&nbsp;&nbsp;&nbsp;__rt_entry
</UL>
<BR>[Address Reference Count : 1]<UL><LI> startup_mkl28z7.o(.text)
</UL>
<P><STRONG><a name="[5d]"></a>__scatterload</STRONG> (Thumb, 0 bytes, Stack size unknown bytes, __scatter.o(!!!scatter))
<BR><BR>[Called By]<UL><LI><a href="#[47]">&gt;&gt;</a>&nbsp;&nbsp;&nbsp;__main
</UL>

<P><STRONG><a name="[5f]"></a>__scatterload_rt2</STRONG> (Thumb, 74 bytes, Stack size unknown bytes, __scatter.o(!!!scatter), UNUSED)
<BR><BR>[Calls]<UL><LI><a href="#[5e]">&gt;&gt;</a>&nbsp;&nbsp;&nbsp;__rt_entry
</UL>

<P><STRONG><a name="[80]"></a>__scatterload_rt2_thumb_only</STRONG> (Thumb, 0 bytes, Stack size unknown bytes, __scatter.o(!!!scatter), UNUSED)

<P><STRONG><a name="[81]"></a>__scatterload_loop</STRONG> (Thumb, 0 bytes, Stack size unknown bytes, __scatter.o(!!!scatter), UNUSED)

<P><STRONG><a name="[60]"></a>__scatterload_copy</STRONG> (Thumb, 26 bytes, Stack size unknown bytes, __scatter_copy.o(!!handler_copy), UNUSED)
<BR><BR>[Calls]<UL><LI><a href="#[60]">&gt;&gt;</a>&nbsp;&nbsp;&nbsp;__scatterload_copy
</UL>
<BR>[Called By]<UL><LI><a href="#[60]">&gt;&gt;</a>&nbsp;&nbsp;&nbsp;__scatterload_copy
</UL>

<P><STRONG><a name="[82]"></a>__scatterload_null</STRONG> (Thumb, 2 bytes, Stack size unknown bytes, __scatter.o(!!handler_null), UNUSED)

<P><STRONG><a name="[83]"></a>__scatterload_zeroinit</STRONG> (Thumb, 28 bytes, Stack size unknown bytes, __scatter_zi.o(!!handler_zi), UNUSED)

<P><STRONG><a name="[62]"></a>__rt_lib_init</STRONG> (Thumb, 0 bytes, Stack size unknown bytes, libinit.o(.ARM.Collect$$libinit$$00000000))
<BR><BR>[Called By]<UL><LI><a href="#[61]">&gt;&gt;</a>&nbsp;&nbsp;&nbsp;__rt_entry_li
</UL>

<P><STRONG><a name="[84]"></a>__rt_lib_init_alloca_1</STRONG> (Thumb, 0 bytes, Stack size unknown bytes, libinit2.o(.ARM.Collect$$libinit$$00000030))

<P><STRONG><a name="[85]"></a>__rt_lib_init_argv_1</STRONG> (Thumb, 0 bytes, Stack size unknown bytes, libinit2.o(.ARM.Collect$$libinit$$0000002E))

<P><STRONG><a name="[86]"></a>__rt_lib_init_atexit_1</STRONG> (Thumb, 0 bytes, Stack size unknown bytes, libinit2.o(.ARM.Collect$$libinit$$0000001D))

<P><STRONG><a name="[87]"></a>__rt_lib_init_clock_1</STRONG> (Thumb, 0 bytes, Stack size unknown bytes, libinit2.o(.ARM.Collect$$libinit$$00000023))

<P><STRONG><a name="[88]"></a>__rt_lib_init_cpp_1</STRONG> (Thumb, 0 bytes, Stack size unknown bytes, libinit2.o(.ARM.Collect$$libinit$$00000034))

<P><STRONG><a name="[89]"></a>__rt_lib_init_exceptions_1</STRONG> (Thumb, 0 bytes, Stack size unknown bytes, libinit2.o(.ARM.Collect$$libinit$$00000032))

<P><STRONG><a name="[8a]"></a>__rt_lib_init_fp_1</STRONG> (Thumb, 0 bytes, Stack size unknown bytes, libinit2.o(.ARM.Collect$$libinit$$00000002))

<P><STRONG><a name="[8b]"></a>__rt_lib_init_fp_trap_1</STRONG> (Thumb, 0 bytes, Stack size unknown bytes, libinit2.o(.ARM.Collect$$libinit$$00000021))

<P><STRONG><a name="[8c]"></a>__rt_lib_init_getenv_1</STRONG> (Thumb, 0 bytes, Stack size unknown bytes, libinit2.o(.ARM.Collect$$libinit$$00000025))

<P><STRONG><a name="[8d]"></a>__rt_lib_init_heap_1</STRONG> (Thumb, 0 bytes, Stack size unknown bytes, libinit2.o(.ARM.Collect$$libinit$$0000000C))

<P><STRONG><a name="[8e]"></a>__rt_lib_init_lc_collate_1</STRONG> (Thumb, 0 bytes, Stack size unknown bytes, libinit2.o(.ARM.Collect$$libinit$$00000013))

<P><STRONG><a name="[8f]"></a>__rt_lib_init_lc_ctype_1</STRONG> (Thumb, 0 bytes, Stack size unknown bytes, libinit2.o(.ARM.Collect$$libinit$$00000015))

<P><STRONG><a name="[90]"></a>__rt_lib_init_lc_monetary_1</STRONG> (Thumb, 0 bytes, Stack size unknown bytes, libinit2.o(.ARM.Collect$$libinit$$00000017))

<P><STRONG><a name="[91]"></a>__rt_lib_init_lc_numeric_1</STRONG> (Thumb, 0 bytes, Stack size unknown bytes, libinit2.o(.ARM.Collect$$libinit$$00000019))

<P><STRONG><a name="[92]"></a>__rt_lib_init_lc_time_1</STRONG> (Thumb, 0 bytes, Stack size unknown bytes, libinit2.o(.ARM.Collect$$libinit$$0000001B))

<P><STRONG><a name="[93]"></a>__rt_lib_init_preinit_1</STRONG> (Thumb, 0 bytes, Stack size unknown bytes, libinit2.o(.ARM.Collect$$libinit$$00000006))

<P><STRONG><a name="[94]"></a>__rt_lib_init_rand_1</STRONG> (Thumb, 0 bytes, Stack size unknown bytes, libinit2.o(.ARM.Collect$$libinit$$00000010))

<P><STRONG><a name="[95]"></a>__rt_lib_init_relocate_pie_1</STRONG> (Thumb, 0 bytes, Stack size unknown bytes, libinit2.o(.ARM.Collect$$libinit$$00000004))

<P><STRONG><a name="[96]"></a>__rt_lib_init_return</STRONG> (Thumb, 0 bytes, Stack size unknown bytes, libinit2.o(.ARM.Collect$$libinit$$00000035))

<P><STRONG><a name="[97]"></a>__rt_lib_init_signal_1</STRONG> (Thumb, 0 bytes, Stack size unknown bytes, libinit2.o(.ARM.Collect$$libinit$$0000001F))

<P><STRONG><a name="[98]"></a>__rt_lib_init_stdio_1</STRONG> (Thumb, 0 bytes, Stack size unknown bytes, libinit2.o(.ARM.Collect$$libinit$$00000027))

<P><STRONG><a name="[99]"></a>__rt_lib_init_user_alloc_1</STRONG> (Thumb, 0 bytes, Stack size unknown bytes, libinit2.o(.ARM.Collect$$libinit$$0000000E))

<P><STRONG><a name="[67]"></a>__rt_lib_shutdown</STRONG> (Thumb, 0 bytes, Stack size unknown bytes, libshutdown.o(.ARM.Collect$$libshutdown$$00000000))
<BR><BR>[Called By]<UL><LI><a href="#[66]">&gt;&gt;</a>&nbsp;&nbsp;&nbsp;__rt_exit_ls
</UL>

<P><STRONG><a name="[9a]"></a>__rt_lib_shutdown_cpp_1</STRONG> (Thumb, 0 bytes, Stack size unknown bytes, libshutdown2.o(.ARM.Collect$$libshutdown$$00000002))

<P><STRONG><a name="[9b]"></a>__rt_lib_shutdown_fp_trap_1</STRONG> (Thumb, 0 bytes, Stack size unknown bytes, libshutdown2.o(.ARM.Collect$$libshutdown$$00000007))

<P><STRONG><a name="[9c]"></a>__rt_lib_shutdown_heap_1</STRONG> (Thumb, 0 bytes, Stack size unknown bytes, libshutdown2.o(.ARM.Collect$$libshutdown$$0000000F))

<P><STRONG><a name="[9d]"></a>__rt_lib_shutdown_return</STRONG> (Thumb, 0 bytes, Stack size unknown bytes, libshutdown2.o(.ARM.Collect$$libshutdown$$00000010))

<P><STRONG><a name="[9e]"></a>__rt_lib_shutdown_signal_1</STRONG> (Thumb, 0 bytes, Stack size unknown bytes, libshutdown2.o(.ARM.Collect$$libshutdown$$0000000A))

<P><STRONG><a name="[9f]"></a>__rt_lib_shutdown_stdio_1</STRONG> (Thumb, 0 bytes, Stack size unknown bytes, libshutdown2.o(.ARM.Collect$$libshutdown$$00000004))

<P><STRONG><a name="[a0]"></a>__rt_lib_shutdown_user_alloc_1</STRONG> (Thumb, 0 bytes, Stack size unknown bytes, libshutdown2.o(.ARM.Collect$$libshutdown$$0000000C))

<P><STRONG><a name="[5e]"></a>__rt_entry</STRONG> (Thumb, 0 bytes, Stack size unknown bytes, __rtentry.o(.ARM.Collect$$rtentry$$00000000))
<BR><BR>[Called By]<UL><LI><a href="#[5f]">&gt;&gt;</a>&nbsp;&nbsp;&nbsp;__scatterload_rt2
<LI><a href="#[47]">&gt;&gt;</a>&nbsp;&nbsp;&nbsp;__main
</UL>

<P><STRONG><a name="[a1]"></a>__rt_entry_presh_1</STRONG> (Thumb, 0 bytes, Stack size unknown bytes, __rtentry2.o(.ARM.Collect$$rtentry$$00000002))

<P><STRONG><a name="[a2]"></a>__rt_entry_sh</STRONG> (Thumb, 0 bytes, Stack size unknown bytes, __rtentry7.o(.ARM.Collect$$rtentry$$00000007))

<P><STRONG><a name="[61]"></a>__rt_entry_li</STRONG> (Thumb, 0 bytes, Stack size unknown bytes, __rtentry2.o(.ARM.Collect$$rtentry$$0000000A))
<BR><BR>[Calls]<UL><LI><a href="#[62]">&gt;&gt;</a>&nbsp;&nbsp;&nbsp;__rt_lib_init
</UL>

<P><STRONG><a name="[a3]"></a>__rt_entry_postsh_1</STRONG> (Thumb, 0 bytes, Stack size unknown bytes, __rtentry2.o(.ARM.Collect$$rtentry$$00000009))

<P><STRONG><a name="[63]"></a>__rt_entry_main</STRONG> (Thumb, 0 bytes, Stack size unknown bytes, __rtentry2.o(.ARM.Collect$$rtentry$$0000000D))
<BR><BR>[Stack]<UL><LI>Max Depth = 88 + Unknown Stack Size
<LI>Call Chain = __rt_entry_main &rArr; main &rArr; task2LED &rArr; invertLEDs &rArr; ledOnOff
</UL>
<BR>[Calls]<UL><LI><a href="#[65]">&gt;&gt;</a>&nbsp;&nbsp;&nbsp;exit
<LI><a href="#[64]">&gt;&gt;</a>&nbsp;&nbsp;&nbsp;main
</UL>

<P><STRONG><a name="[a4]"></a>__rt_entry_postli_1</STRONG> (Thumb, 0 bytes, Stack size unknown bytes, __rtentry2.o(.ARM.Collect$$rtentry$$0000000C))

<P><STRONG><a name="[6b]"></a>__rt_exit</STRONG> (Thumb, 0 bytes, Stack size unknown bytes, rtexit.o(.ARM.Collect$$rtexit$$00000000))
<BR><BR>[Called By]<UL><LI><a href="#[65]">&gt;&gt;</a>&nbsp;&nbsp;&nbsp;exit
</UL>

<P><STRONG><a name="[66]"></a>__rt_exit_ls</STRONG> (Thumb, 0 bytes, Stack size unknown bytes, rtexit2.o(.ARM.Collect$$rtexit$$00000003))
<BR><BR>[Calls]<UL><LI><a href="#[67]">&gt;&gt;</a>&nbsp;&nbsp;&nbsp;__rt_lib_shutdown
</UL>

<P><STRONG><a name="[a5]"></a>__rt_exit_prels_1</STRONG> (Thumb, 0 bytes, Stack size unknown bytes, rtexit2.o(.ARM.Collect$$rtexit$$00000002))

<P><STRONG><a name="[68]"></a>__rt_exit_exit</STRONG> (Thumb, 0 bytes, Stack size unknown bytes, rtexit2.o(.ARM.Collect$$rtexit$$00000004))
<BR><BR>[Calls]<UL><LI><a href="#[69]">&gt;&gt;</a>&nbsp;&nbsp;&nbsp;_sys_exit
</UL>

<P><STRONG><a name="[0]"></a>Reset_Handler</STRONG> (Thumb, 24 bytes, Stack size 0 bytes, startup_mkl28z7.o(.text))
<BR>[Address Reference Count : 1]<UL><LI> startup_mkl28z7.o(RESET)
</UL>
<P><STRONG><a name="[1]"></a>NMI_Handler</STRONG> (Thumb, 2 bytes, Stack size 0 bytes, startup_mkl28z7.o(.text))
<BR><BR>[Calls]<UL><LI><a href="#[1]">&gt;&gt;</a>&nbsp;&nbsp;&nbsp;NMI_Handler
</UL>
<BR>[Called By]<UL><LI><a href="#[1]">&gt;&gt;</a>&nbsp;&nbsp;&nbsp;NMI_Handler
</UL>
<BR>[Address Reference Count : 1]<UL><LI> startup_mkl28z7.o(RESET)
</UL>
<P><STRONG><a name="[2]"></a>HardFault_Handler</STRONG> (Thumb, 2 bytes, Stack size 0 bytes, startup_mkl28z7.o(.text))
<BR><BR>[Calls]<UL><LI><a href="#[2]">&gt;&gt;</a>&nbsp;&nbsp;&nbsp;HardFault_Handler
</UL>
<BR>[Called By]<UL><LI><a href="#[2]">&gt;&gt;</a>&nbsp;&nbsp;&nbsp;HardFault_Handler
</UL>
<BR>[Address Reference Count : 1]<UL><LI> startup_mkl28z7.o(RESET)
</UL>
<P><STRONG><a name="[3]"></a>SVC_Handler</STRONG> (Thumb, 2 bytes, Stack size 0 bytes, startup_mkl28z7.o(.text))
<BR><BR>[Calls]<UL><LI><a href="#[3]">&gt;&gt;</a>&nbsp;&nbsp;&nbsp;SVC_Handler
</UL>
<BR>[Called By]<UL><LI><a href="#[3]">&gt;&gt;</a>&nbsp;&nbsp;&nbsp;SVC_Handler
</UL>
<BR>[Address Reference Count : 1]<UL><LI> startup_mkl28z7.o(RESET)
</UL>
<P><STRONG><a name="[4]"></a>PendSV_Handler</STRONG> (Thumb, 2 bytes, Stack size 0 bytes, startup_mkl28z7.o(.text))
<BR><BR>[Calls]<UL><LI><a href="#[4]">&gt;&gt;</a>&nbsp;&nbsp;&nbsp;PendSV_Handler
</UL>
<BR>[Called By]<UL><LI><a href="#[4]">&gt;&gt;</a>&nbsp;&nbsp;&nbsp;PendSV_Handler
</UL>
<BR>[Address Reference Count : 1]<UL><LI> startup_mkl28z7.o(RESET)
</UL>
<P><STRONG><a name="[6]"></a>DMA0_04_IRQHandler</STRONG> (Thumb, 4 bytes, Stack size 0 bytes, startup_mkl28z7.o(.text))
<BR>[Address Reference Count : 1]<UL><LI> startup_mkl28z7.o(RESET)
</UL>
<P><STRONG><a name="[7]"></a>DMA0_15_IRQHandler</STRONG> (Thumb, 4 bytes, Stack size 0 bytes, startup_mkl28z7.o(.text))
<BR>[Address Reference Count : 1]<UL><LI> startup_mkl28z7.o(RESET)
</UL>
<P><STRONG><a name="[8]"></a>DMA0_26_IRQHandler</STRONG> (Thumb, 4 bytes, Stack size 0 bytes, startup_mkl28z7.o(.text))
<BR>[Address Reference Count : 1]<UL><LI> startup_mkl28z7.o(RESET)
</UL>
<P><STRONG><a name="[9]"></a>DMA0_37_IRQHandler</STRONG> (Thumb, 4 bytes, Stack size 0 bytes, startup_mkl28z7.o(.text))
<BR>[Address Reference Count : 1]<UL><LI> startup_mkl28z7.o(RESET)
</UL>
<P><STRONG><a name="[a]"></a>CTI0_DMA0_Error_IRQHandler</STRONG> (Thumb, 4 bytes, Stack size 0 bytes, startup_mkl28z7.o(.text))
<BR>[Address Reference Count : 1]<UL><LI> startup_mkl28z7.o(RESET)
</UL>
<P><STRONG><a name="[b]"></a>FLEXIO0_IRQHandler</STRONG> (Thumb, 4 bytes, Stack size 0 bytes, startup_mkl28z7.o(.text))
<BR>[Address Reference Count : 1]<UL><LI> startup_mkl28z7.o(RESET)
</UL>
<P><STRONG><a name="[10]"></a>LPSPI0_IRQHandler</STRONG> (Thumb, 4 bytes, Stack size 0 bytes, startup_mkl28z7.o(.text))
<BR>[Address Reference Count : 1]<UL><LI> startup_mkl28z7.o(RESET)
</UL>
<P><STRONG><a name="[11]"></a>LPSPI1_IRQHandler</STRONG> (Thumb, 4 bytes, Stack size 0 bytes, startup_mkl28z7.o(.text))
<BR>[Address Reference Count : 1]<UL><LI> startup_mkl28z7.o(RESET)
</UL>
<P><STRONG><a name="[12]"></a>LPUART0_IRQHandler</STRONG> (Thumb, 4 bytes, Stack size 0 bytes, startup_mkl28z7.o(.text))
<BR>[Address Reference Count : 1]<UL><LI> startup_mkl28z7.o(RESET)
</UL>
<P><STRONG><a name="[13]"></a>LPUART1_IRQHandler</STRONG> (Thumb, 4 bytes, Stack size 0 bytes, startup_mkl28z7.o(.text))
<BR>[Address Reference Count : 1]<UL><LI> startup_mkl28z7.o(RESET)
</UL>
<P><STRONG><a name="[14]"></a>LPI2C0_IRQHandler</STRONG> (Thumb, 4 bytes, Stack size 0 bytes, startup_mkl28z7.o(.text))
<BR>[Address Reference Count : 1]<UL><LI> startup_mkl28z7.o(RESET)
</UL>
<P><STRONG><a name="[15]"></a>LPI2C1_IRQHandler</STRONG> (Thumb, 4 bytes, Stack size 0 bytes, startup_mkl28z7.o(.text))
<BR>[Address Reference Count : 1]<UL><LI> startup_mkl28z7.o(RESET)
</UL>
<P><STRONG><a name="[1d]"></a>I2S0_IRQHandler</STRONG> (Thumb, 4 bytes, Stack size 0 bytes, startup_mkl28z7.o(.text))
<BR>[Address Reference Count : 1]<UL><LI> startup_mkl28z7.o(RESET)
</UL>
<P><STRONG><a name="[22]"></a>INTMUX0_0_IRQHandler</STRONG> (Thumb, 4 bytes, Stack size 0 bytes, startup_mkl28z7.o(.text))
<BR>[Address Reference Count : 1]<UL><LI> startup_mkl28z7.o(RESET)
</UL>
<P><STRONG><a name="[23]"></a>INTMUX0_1_IRQHandler</STRONG> (Thumb, 4 bytes, Stack size 0 bytes, startup_mkl28z7.o(.text))
<BR>[Address Reference Count : 1]<UL><LI> startup_mkl28z7.o(RESET)
</UL>
<P><STRONG><a name="[24]"></a>INTMUX0_2_IRQHandler</STRONG> (Thumb, 4 bytes, Stack size 0 bytes, startup_mkl28z7.o(.text))
<BR>[Address Reference Count : 1]<UL><LI> startup_mkl28z7.o(RESET)
</UL>
<P><STRONG><a name="[25]"></a>INTMUX0_3_IRQHandler</STRONG> (Thumb, 4 bytes, Stack size 0 bytes, startup_mkl28z7.o(.text))
<BR>[Address Reference Count : 1]<UL><LI> startup_mkl28z7.o(RESET)
</UL>
<P><STRONG><a name="[2a]"></a>LPSPI2_IRQHandler</STRONG> (Thumb, 4 bytes, Stack size 0 bytes, startup_mkl28z7.o(.text))
<BR>[Address Reference Count : 1]<UL><LI> startup_mkl28z7.o(RESET)
</UL>
<P><STRONG><a name="[2b]"></a>LPUART2_IRQHandler</STRONG> (Thumb, 4 bytes, Stack size 0 bytes, startup_mkl28z7.o(.text))
<BR>[Address Reference Count : 1]<UL><LI> startup_mkl28z7.o(RESET)
</UL>
<P><STRONG><a name="[2d]"></a>LPI2C2_IRQHandler</STRONG> (Thumb, 4 bytes, Stack size 0 bytes, startup_mkl28z7.o(.text))
<BR>[Address Reference Count : 1]<UL><LI> startup_mkl28z7.o(RESET)
</UL>
<P><STRONG><a name="[1f]"></a>ADC0_IRQHandler</STRONG> (Thumb, 0 bytes, Stack size 0 bytes, startup_mkl28z7.o(.text))
<BR>[Address Reference Count : 1]<UL><LI> startup_mkl28z7.o(RESET)
</UL>
<P><STRONG><a name="[36]"></a>CMP0_IRQHandler</STRONG> (Thumb, 0 bytes, Stack size 0 bytes, startup_mkl28z7.o(.text))
<BR>[Address Reference Count : 1]<UL><LI> startup_mkl28z7.o(RESET)
</UL>
<P><STRONG><a name="[37]"></a>CMP1_IRQHandler</STRONG> (Thumb, 0 bytes, Stack size 0 bytes, startup_mkl28z7.o(.text))
<BR>[Address Reference Count : 1]<UL><LI> startup_mkl28z7.o(RESET)
</UL>
<P><STRONG><a name="[4c]"></a>CTI0_DMA0_Error_DriverIRQHandler</STRONG> (Thumb, 0 bytes, Stack size 0 bytes, startup_mkl28z7.o(.text))
<BR>[Address Reference Count : 1]<UL><LI> startup_mkl28z7.o(.text)
</UL>
<P><STRONG><a name="[33]"></a>DAC0_IRQHandler</STRONG> (Thumb, 0 bytes, Stack size 0 bytes, startup_mkl28z7.o(.text))
<BR>[Address Reference Count : 1]<UL><LI> startup_mkl28z7.o(RESET)
</UL>
<P><STRONG><a name="[48]"></a>DMA0_04_DriverIRQHandler</STRONG> (Thumb, 0 bytes, Stack size 0 bytes, startup_mkl28z7.o(.text))
<BR>[Address Reference Count : 1]<UL><LI> startup_mkl28z7.o(.text)
</UL>
<P><STRONG><a name="[49]"></a>DMA0_15_DriverIRQHandler</STRONG> (Thumb, 0 bytes, Stack size 0 bytes, startup_mkl28z7.o(.text))
<BR>[Address Reference Count : 1]<UL><LI> startup_mkl28z7.o(.text)
</UL>
<P><STRONG><a name="[4a]"></a>DMA0_26_DriverIRQHandler</STRONG> (Thumb, 0 bytes, Stack size 0 bytes, startup_mkl28z7.o(.text))
<BR>[Address Reference Count : 1]<UL><LI> startup_mkl28z7.o(.text)
</UL>
<P><STRONG><a name="[4b]"></a>DMA0_37_DriverIRQHandler</STRONG> (Thumb, 0 bytes, Stack size 0 bytes, startup_mkl28z7.o(.text))
<BR>[Address Reference Count : 1]<UL><LI> startup_mkl28z7.o(.text)
</UL>
<P><STRONG><a name="[5c]"></a>DefaultISR</STRONG> (Thumb, 0 bytes, Stack size 0 bytes, startup_mkl28z7.o(.text))
<BR>[Address Reference Count : 1]<UL><LI> startup_mkl28z7.o(.text)
</UL>
<P><STRONG><a name="[2c]"></a>EMVSIM0_IRQHandler</STRONG> (Thumb, 0 bytes, Stack size 0 bytes, startup_mkl28z7.o(.text))
<BR>[Address Reference Count : 1]<UL><LI> startup_mkl28z7.o(RESET)
</UL>
<P><STRONG><a name="[4d]"></a>FLEXIO0_DriverIRQHandler</STRONG> (Thumb, 0 bytes, Stack size 0 bytes, startup_mkl28z7.o(.text))
<BR>[Address Reference Count : 1]<UL><LI> startup_mkl28z7.o(.text)
</UL>
<P><STRONG><a name="[30]"></a>FTFA_IRQHandler</STRONG> (Thumb, 0 bytes, Stack size 0 bytes, startup_mkl28z7.o(.text))
<BR>[Address Reference Count : 1]<UL><LI> startup_mkl28z7.o(RESET)
</UL>
<P><STRONG><a name="[54]"></a>I2S0_DriverIRQHandler</STRONG> (Thumb, 0 bytes, Stack size 0 bytes, startup_mkl28z7.o(.text))
<BR>[Address Reference Count : 1]<UL><LI> startup_mkl28z7.o(.text)
</UL>
<P><STRONG><a name="[55]"></a>INTMUX0_0_DriverIRQHandler</STRONG> (Thumb, 0 bytes, Stack size 0 bytes, startup_mkl28z7.o(.text))
<BR>[Address Reference Count : 1]<UL><LI> startup_mkl28z7.o(.text)
</UL>
<P><STRONG><a name="[56]"></a>INTMUX0_1_DriverIRQHandler</STRONG> (Thumb, 0 bytes, Stack size 0 bytes, startup_mkl28z7.o(.text))
<BR>[Address Reference Count : 1]<UL><LI> startup_mkl28z7.o(.text)
</UL>
<P><STRONG><a name="[57]"></a>INTMUX0_2_DriverIRQHandler</STRONG> (Thumb, 0 bytes, Stack size 0 bytes, startup_mkl28z7.o(.text))
<BR>[Address Reference Count : 1]<UL><LI> startup_mkl28z7.o(.text)
</UL>
<P><STRONG><a name="[58]"></a>INTMUX0_3_DriverIRQHandler</STRONG> (Thumb, 0 bytes, Stack size 0 bytes, startup_mkl28z7.o(.text))
<BR>[Address Reference Count : 1]<UL><LI> startup_mkl28z7.o(.text)
</UL>
<P><STRONG><a name="[1c]"></a>LLWU0_IRQHandler</STRONG> (Thumb, 0 bytes, Stack size 0 bytes, startup_mkl28z7.o(.text))
<BR>[Address Reference Count : 1]<UL><LI> startup_mkl28z7.o(RESET)
</UL>
<P><STRONG><a name="[52]"></a>LPI2C0_DriverIRQHandler</STRONG> (Thumb, 0 bytes, Stack size 0 bytes, startup_mkl28z7.o(.text))
<BR>[Address Reference Count : 1]<UL><LI> startup_mkl28z7.o(.text)
</UL>
<P><STRONG><a name="[53]"></a>LPI2C1_DriverIRQHandler</STRONG> (Thumb, 0 bytes, Stack size 0 bytes, startup_mkl28z7.o(.text))
<BR>[Address Reference Count : 1]<UL><LI> startup_mkl28z7.o(.text)
</UL>
<P><STRONG><a name="[5b]"></a>LPI2C2_DriverIRQHandler</STRONG> (Thumb, 0 bytes, Stack size 0 bytes, startup_mkl28z7.o(.text))
<BR>[Address Reference Count : 1]<UL><LI> startup_mkl28z7.o(.text)
</UL>
<P><STRONG><a name="[f]"></a>LPIT0_IRQHandler</STRONG> (Thumb, 0 bytes, Stack size 0 bytes, startup_mkl28z7.o(.text))
<BR>[Address Reference Count : 1]<UL><LI> startup_mkl28z7.o(RESET)
</UL>
<P><STRONG><a name="[4e]"></a>LPSPI0_DriverIRQHandler</STRONG> (Thumb, 0 bytes, Stack size 0 bytes, startup_mkl28z7.o(.text))
<BR>[Address Reference Count : 1]<UL><LI> startup_mkl28z7.o(.text)
</UL>
<P><STRONG><a name="[4f]"></a>LPSPI1_DriverIRQHandler</STRONG> (Thumb, 0 bytes, Stack size 0 bytes, startup_mkl28z7.o(.text))
<BR>[Address Reference Count : 1]<UL><LI> startup_mkl28z7.o(.text)
</UL>
<P><STRONG><a name="[59]"></a>LPSPI2_DriverIRQHandler</STRONG> (Thumb, 0 bytes, Stack size 0 bytes, startup_mkl28z7.o(.text))
<BR>[Address Reference Count : 1]<UL><LI> startup_mkl28z7.o(.text)
</UL>
<P><STRONG><a name="[20]"></a>LPTMR0_IRQHandler</STRONG> (Thumb, 0 bytes, Stack size 0 bytes, startup_mkl28z7.o(.text))
<BR>[Address Reference Count : 1]<UL><LI> startup_mkl28z7.o(RESET)
</UL>
<P><STRONG><a name="[26]"></a>LPTMR1_IRQHandler</STRONG> (Thumb, 0 bytes, Stack size 0 bytes, startup_mkl28z7.o(.text))
<BR>[Address Reference Count : 1]<UL><LI> startup_mkl28z7.o(RESET)
</UL>
<P><STRONG><a name="[50]"></a>LPUART0_DriverIRQHandler</STRONG> (Thumb, 0 bytes, Stack size 0 bytes, startup_mkl28z7.o(.text))
<BR>[Address Reference Count : 1]<UL><LI> startup_mkl28z7.o(.text)
</UL>
<P><STRONG><a name="[51]"></a>LPUART1_DriverIRQHandler</STRONG> (Thumb, 0 bytes, Stack size 0 bytes, startup_mkl28z7.o(.text))
<BR>[Address Reference Count : 1]<UL><LI> startup_mkl28z7.o(.text)
</UL>
<P><STRONG><a name="[5a]"></a>LPUART2_DriverIRQHandler</STRONG> (Thumb, 0 bytes, Stack size 0 bytes, startup_mkl28z7.o(.text))
<BR>[Address Reference Count : 1]<UL><LI> startup_mkl28z7.o(.text)
</UL>
<P><STRONG><a name="[2f]"></a>PMC_IRQHandler</STRONG> (Thumb, 0 bytes, Stack size 0 bytes, startup_mkl28z7.o(.text))
<BR>[Address Reference Count : 1]<UL><LI> startup_mkl28z7.o(RESET)
</UL>
<P><STRONG><a name="[17]"></a>PORTA_IRQHandler</STRONG> (Thumb, 0 bytes, Stack size 0 bytes, startup_mkl28z7.o(.text))
<BR>[Address Reference Count : 1]<UL><LI> startup_mkl28z7.o(RESET)
</UL>
<P><STRONG><a name="[18]"></a>PORTB_IRQHandler</STRONG> (Thumb, 0 bytes, Stack size 0 bytes, startup_mkl28z7.o(.text))
<BR>[Address Reference Count : 1]<UL><LI> startup_mkl28z7.o(RESET)
</UL>
<P><STRONG><a name="[19]"></a>PORTC_IRQHandler</STRONG> (Thumb, 0 bytes, Stack size 0 bytes, startup_mkl28z7.o(.text))
<BR>[Address Reference Count : 1]<UL><LI> startup_mkl28z7.o(RESET)
</UL>
<P><STRONG><a name="[1a]"></a>PORTD_IRQHandler</STRONG> (Thumb, 0 bytes, Stack size 0 bytes, startup_mkl28z7.o(.text))
<BR>[Address Reference Count : 1]<UL><LI> startup_mkl28z7.o(RESET)
</UL>
<P><STRONG><a name="[35]"></a>RCM_IRQHandler</STRONG> (Thumb, 0 bytes, Stack size 0 bytes, startup_mkl28z7.o(.text))
<BR>[Address Reference Count : 1]<UL><LI> startup_mkl28z7.o(RESET)
</UL>
<P><STRONG><a name="[38]"></a>RTC_IRQHandler</STRONG> (Thumb, 0 bytes, Stack size 0 bytes, startup_mkl28z7.o(.text))
<BR>[Address Reference Count : 1]<UL><LI> startup_mkl28z7.o(RESET)
</UL>
<P><STRONG><a name="[21]"></a>RTC_Seconds_IRQHandler</STRONG> (Thumb, 0 bytes, Stack size 0 bytes, startup_mkl28z7.o(.text))
<BR>[Address Reference Count : 1]<UL><LI> startup_mkl28z7.o(RESET)
</UL>
<P><STRONG><a name="[16]"></a>Reserved32_IRQHandler</STRONG> (Thumb, 0 bytes, Stack size 0 bytes, startup_mkl28z7.o(.text))
<BR>[Address Reference Count : 1]<UL><LI> startup_mkl28z7.o(RESET)
</UL>
<P><STRONG><a name="[27]"></a>Reserved49_IRQHandler</STRONG> (Thumb, 0 bytes, Stack size 0 bytes, startup_mkl28z7.o(.text))
<BR>[Address Reference Count : 1]<UL><LI> startup_mkl28z7.o(RESET)
</UL>
<P><STRONG><a name="[28]"></a>Reserved50_IRQHandler</STRONG> (Thumb, 0 bytes, Stack size 0 bytes, startup_mkl28z7.o(.text))
<BR>[Address Reference Count : 1]<UL><LI> startup_mkl28z7.o(RESET)
</UL>
<P><STRONG><a name="[29]"></a>Reserved51_IRQHandler</STRONG> (Thumb, 0 bytes, Stack size 0 bytes, startup_mkl28z7.o(.text))
<BR>[Address Reference Count : 1]<UL><LI> startup_mkl28z7.o(RESET)
</UL>
<P><STRONG><a name="[39]"></a>Reserved67_IRQHandler</STRONG> (Thumb, 0 bytes, Stack size 0 bytes, startup_mkl28z7.o(.text))
<BR>[Address Reference Count : 1]<UL><LI> startup_mkl28z7.o(RESET)
</UL>
<P><STRONG><a name="[3a]"></a>Reserved68_IRQHandler</STRONG> (Thumb, 0 bytes, Stack size 0 bytes, startup_mkl28z7.o(.text))
<BR>[Address Reference Count : 1]<UL><LI> startup_mkl28z7.o(RESET)
</UL>
<P><STRONG><a name="[3b]"></a>Reserved69_IRQHandler</STRONG> (Thumb, 0 bytes, Stack size 0 bytes, startup_mkl28z7.o(.text))
<BR>[Address Reference Count : 1]<UL><LI> startup_mkl28z7.o(RESET)
</UL>
<P><STRONG><a name="[3c]"></a>Reserved70_IRQHandler</STRONG> (Thumb, 0 bytes, Stack size 0 bytes, startup_mkl28z7.o(.text))
<BR>[Address Reference Count : 1]<UL><LI> startup_mkl28z7.o(RESET)
</UL>
<P><STRONG><a name="[3d]"></a>Reserved71_IRQHandler</STRONG> (Thumb, 0 bytes, Stack size 0 bytes, startup_mkl28z7.o(.text))
<BR>[Address Reference Count : 1]<UL><LI> startup_mkl28z7.o(RESET)
</UL>
<P><STRONG><a name="[3e]"></a>Reserved72_IRQHandler</STRONG> (Thumb, 0 bytes, Stack size 0 bytes, startup_mkl28z7.o(.text))
<BR>[Address Reference Count : 1]<UL><LI> startup_mkl28z7.o(RESET)
</UL>
<P><STRONG><a name="[3f]"></a>Reserved73_IRQHandler</STRONG> (Thumb, 0 bytes, Stack size 0 bytes, startup_mkl28z7.o(.text))
<BR>[Address Reference Count : 1]<UL><LI> startup_mkl28z7.o(RESET)
</UL>
<P><STRONG><a name="[40]"></a>Reserved74_IRQHandler</STRONG> (Thumb, 0 bytes, Stack size 0 bytes, startup_mkl28z7.o(.text))
<BR>[Address Reference Count : 1]<UL><LI> startup_mkl28z7.o(RESET)
</UL>
<P><STRONG><a name="[41]"></a>Reserved75_IRQHandler</STRONG> (Thumb, 0 bytes, Stack size 0 bytes, startup_mkl28z7.o(.text))
<BR>[Address Reference Count : 1]<UL><LI> startup_mkl28z7.o(RESET)
</UL>
<P><STRONG><a name="[42]"></a>Reserved76_IRQHandler</STRONG> (Thumb, 0 bytes, Stack size 0 bytes, startup_mkl28z7.o(.text))
<BR>[Address Reference Count : 1]<UL><LI> startup_mkl28z7.o(RESET)
</UL>
<P><STRONG><a name="[43]"></a>Reserved77_IRQHandler</STRONG> (Thumb, 0 bytes, Stack size 0 bytes, startup_mkl28z7.o(.text))
<BR>[Address Reference Count : 1]<UL><LI> startup_mkl28z7.o(RESET)
</UL>
<P><STRONG><a name="[44]"></a>Reserved78_IRQHandler</STRONG> (Thumb, 0 bytes, Stack size 0 bytes, startup_mkl28z7.o(.text))
<BR>[Address Reference Count : 1]<UL><LI> startup_mkl28z7.o(RESET)
</UL>
<P><STRONG><a name="[45]"></a>Reserved79_IRQHandler</STRONG> (Thumb, 0 bytes, Stack size 0 bytes, startup_mkl28z7.o(.text))
<BR>[Address Reference Count : 1]<UL><LI> startup_mkl28z7.o(RESET)
</UL>
<P><STRONG><a name="[31]"></a>SCG_IRQHandler</STRONG> (Thumb, 0 bytes, Stack size 0 bytes, startup_mkl28z7.o(.text))
<BR>[Address Reference Count : 1]<UL><LI> startup_mkl28z7.o(RESET)
</UL>
<P><STRONG><a name="[c]"></a>TPM0_IRQHandler</STRONG> (Thumb, 0 bytes, Stack size 0 bytes, startup_mkl28z7.o(.text))
<BR>[Address Reference Count : 1]<UL><LI> startup_mkl28z7.o(RESET)
</UL>
<P><STRONG><a name="[d]"></a>TPM1_IRQHandler</STRONG> (Thumb, 0 bytes, Stack size 0 bytes, startup_mkl28z7.o(.text))
<BR>[Address Reference Count : 1]<UL><LI> startup_mkl28z7.o(RESET)
</UL>
<P><STRONG><a name="[e]"></a>TPM2_IRQHandler</STRONG> (Thumb, 0 bytes, Stack size 0 bytes, startup_mkl28z7.o(.text))
<BR>[Address Reference Count : 1]<UL><LI> startup_mkl28z7.o(RESET)
</UL>
<P><STRONG><a name="[34]"></a>TRNG_IRQHandler</STRONG> (Thumb, 0 bytes, Stack size 0 bytes, startup_mkl28z7.o(.text))
<BR>[Address Reference Count : 1]<UL><LI> startup_mkl28z7.o(RESET)
</UL>
<P><STRONG><a name="[2e]"></a>TSI0_IRQHandler</STRONG> (Thumb, 0 bytes, Stack size 0 bytes, startup_mkl28z7.o(.text))
<BR>[Address Reference Count : 1]<UL><LI> startup_mkl28z7.o(RESET)
</UL>
<P><STRONG><a name="[1e]"></a>USB0_IRQHandler</STRONG> (Thumb, 0 bytes, Stack size 0 bytes, startup_mkl28z7.o(.text))
<BR>[Address Reference Count : 1]<UL><LI> startup_mkl28z7.o(RESET)
</UL>
<P><STRONG><a name="[32]"></a>WDOG0_IRQHandler</STRONG> (Thumb, 0 bytes, Stack size 0 bytes, startup_mkl28z7.o(.text))
<BR>[Address Reference Count : 1]<UL><LI> startup_mkl28z7.o(RESET)
</UL>
<P><STRONG><a name="[6d]"></a>__aeabi_uidiv</STRONG> (Thumb, 0 bytes, Stack size 0 bytes, aeabi_sdiv.o(.text))
<BR><BR>[Called By]<UL><LI><a href="#[6c]">&gt;&gt;</a>&nbsp;&nbsp;&nbsp;Init_SysTick
</UL>

<P><STRONG><a name="[a6]"></a>__aeabi_uidivmod</STRONG> (Thumb, 20 bytes, Stack size 0 bytes, aeabi_sdiv.o(.text), UNUSED)

<P><STRONG><a name="[a7]"></a>__aeabi_idiv</STRONG> (Thumb, 0 bytes, Stack size 8 bytes, aeabi_sdiv.o(.text), UNUSED)

<P><STRONG><a name="[7f]"></a>__aeabi_idivmod</STRONG> (Thumb, 338 bytes, Stack size 8 bytes, aeabi_sdiv.o(.text))
<BR><BR>[Stack]<UL><LI>Max Depth = 8<LI>Call Chain = __aeabi_idivmod
</UL>
<BR>[Called By]<UL><LI><a href="#[7d]">&gt;&gt;</a>&nbsp;&nbsp;&nbsp;task2LED
</UL>

<P><STRONG><a name="[65]"></a>exit</STRONG> (Thumb, 16 bytes, Stack size 8 bytes, exit.o(.text))
<BR><BR>[Stack]<UL><LI>Max Depth = 8 + Unknown Stack Size
<LI>Call Chain = exit
</UL>
<BR>[Calls]<UL><LI><a href="#[6b]">&gt;&gt;</a>&nbsp;&nbsp;&nbsp;__rt_exit
<LI><a href="#[6a]">&gt;&gt;</a>&nbsp;&nbsp;&nbsp;_call_atexit_fns (Weak Reference)
</UL>
<BR>[Called By]<UL><LI><a href="#[63]">&gt;&gt;</a>&nbsp;&nbsp;&nbsp;__rt_entry_main
</UL>

<P><STRONG><a name="[69]"></a>_sys_exit</STRONG> (Thumb, 8 bytes, Stack size 0 bytes, sys_exit.o(.text))
<BR><BR>[Called By]<UL><LI><a href="#[68]">&gt;&gt;</a>&nbsp;&nbsp;&nbsp;__rt_exit_exit
</UL>

<P><STRONG><a name="[a8]"></a>__I$use$semihosting</STRONG> (Thumb, 0 bytes, Stack size 0 bytes, use_no_semi.o(.text), UNUSED)

<P><STRONG><a name="[a9]"></a>__use_no_semihosting_swi</STRONG> (Thumb, 2 bytes, Stack size 0 bytes, use_no_semi.o(.text), UNUSED)

<P><STRONG><a name="[aa]"></a>__semihosting_library_function</STRONG> (Thumb, 0 bytes, Stack size unknown bytes, indicate_semi.o(.text), UNUSED)

<P><STRONG><a name="[6c]"></a>Init_SysTick</STRONG> (Thumb, 44 bytes, Stack size 16 bytes, systick.o(.text.Init_SysTick))
<BR><BR>[Stack]<UL><LI>Max Depth = 64<LI>Call Chain = Init_SysTick &rArr; SysTick_Config &rArr; __NVIC_SetPriority
</UL>
<BR>[Calls]<UL><LI><a href="#[6d]">&gt;&gt;</a>&nbsp;&nbsp;&nbsp;__aeabi_uidiv
<LI><a href="#[6e]">&gt;&gt;</a>&nbsp;&nbsp;&nbsp;SysTick_Config
</UL>
<BR>[Called By]<UL><LI><a href="#[64]">&gt;&gt;</a>&nbsp;&nbsp;&nbsp;main
</UL>

<P><STRONG><a name="[1b]"></a>PORTE_IRQHandler</STRONG> (Thumb, 36 bytes, Stack size 8 bytes, main.o(.text.PORTE_IRQHandler))
<BR><BR>[Stack]<UL><LI>Max Depth = 12<LI>Call Chain = PORTE_IRQHandler &rArr; __NVIC_ClearPendingIRQ
</UL>
<BR>[Calls]<UL><LI><a href="#[6f]">&gt;&gt;</a>&nbsp;&nbsp;&nbsp;__NVIC_ClearPendingIRQ
</UL>
<BR>[Address Reference Count : 1]<UL><LI> startup_mkl28z7.o(RESET)
</UL>
<P><STRONG><a name="[5]"></a>SysTick_Handler</STRONG> (Thumb, 24 bytes, Stack size 0 bytes, systick.o(.text.SysTick_Handler))
<BR>[Address Reference Count : 1]<UL><LI> startup_mkl28z7.o(RESET)
</UL>
<P><STRONG><a name="[46]"></a>SystemInit</STRONG> (Thumb, 36 bytes, Stack size 8 bytes, system_mkl28z7.o(.text.SystemInit))
<BR><BR>[Stack]<UL><LI>Max Depth = 8<LI>Call Chain = SystemInit
</UL>
<BR>[Calls]<UL><LI><a href="#[71]">&gt;&gt;</a>&nbsp;&nbsp;&nbsp;SystemInitHook
</UL>
<BR>[Address Reference Count : 1]<UL><LI> startup_mkl28z7.o(.text)
</UL>
<P><STRONG><a name="[71]"></a>SystemInitHook</STRONG> (Thumb, 2 bytes, Stack size 0 bytes, system_mkl28z7.o(.text.SystemInitHook))
<BR><BR>[Called By]<UL><LI><a href="#[46]">&gt;&gt;</a>&nbsp;&nbsp;&nbsp;SystemInit
</UL>

<P><STRONG><a name="[72]"></a>configureButtons</STRONG> (Thumb, 348 bytes, Stack size 32 bytes, button.o(.text.configureButtons))
<BR><BR>[Stack]<UL><LI>Max Depth = 56<LI>Call Chain = configureButtons &rArr; __NVIC_SetPriority
</UL>
<BR>[Calls]<UL><LI><a href="#[75]">&gt;&gt;</a>&nbsp;&nbsp;&nbsp;__NVIC_EnableIRQ
<LI><a href="#[74]">&gt;&gt;</a>&nbsp;&nbsp;&nbsp;__NVIC_ClearPendingIRQ
<LI><a href="#[73]">&gt;&gt;</a>&nbsp;&nbsp;&nbsp;__NVIC_SetPriority
</UL>
<BR>[Called By]<UL><LI><a href="#[64]">&gt;&gt;</a>&nbsp;&nbsp;&nbsp;main
</UL>

<P><STRONG><a name="[79]"></a>configureLEDs</STRONG> (Thumb, 124 bytes, Stack size 0 bytes, led.o(.text.configureLEDs))
<BR><BR>[Called By]<UL><LI><a href="#[64]">&gt;&gt;</a>&nbsp;&nbsp;&nbsp;main
</UL>

<P><STRONG><a name="[7a]"></a>initTask1</STRONG> (Thumb, 16 bytes, Stack size 0 bytes, main.o(.text.initTask1))
<BR><BR>[Called By]<UL><LI><a href="#[64]">&gt;&gt;</a>&nbsp;&nbsp;&nbsp;main
</UL>

<P><STRONG><a name="[76]"></a>initTask2</STRONG> (Thumb, 48 bytes, Stack size 16 bytes, main.o(.text.initTask2))
<BR><BR>[Stack]<UL><LI>Max Depth = 24<LI>Call Chain = initTask2 &rArr; ledOnOff
</UL>
<BR>[Calls]<UL><LI><a href="#[77]">&gt;&gt;</a>&nbsp;&nbsp;&nbsp;ledOnOff
</UL>
<BR>[Called By]<UL><LI><a href="#[64]">&gt;&gt;</a>&nbsp;&nbsp;&nbsp;main
</UL>

<P><STRONG><a name="[78]"></a>invertLEDs</STRONG> (Thumb, 168 bytes, Stack size 24 bytes, main.o(.text.invertLEDs))
<BR><BR>[Stack]<UL><LI>Max Depth = 32<LI>Call Chain = invertLEDs &rArr; ledOnOff
</UL>
<BR>[Calls]<UL><LI><a href="#[77]">&gt;&gt;</a>&nbsp;&nbsp;&nbsp;ledOnOff
</UL>
<BR>[Called By]<UL><LI><a href="#[7d]">&gt;&gt;</a>&nbsp;&nbsp;&nbsp;task2LED
</UL>

<P><STRONG><a name="[7e]"></a>isPressed</STRONG> (Thumb, 88 bytes, Stack size 8 bytes, button.o(.text.isPressed))
<BR><BR>[Stack]<UL><LI>Max Depth = 8<LI>Call Chain = isPressed
</UL>
<BR>[Called By]<UL><LI><a href="#[7c]">&gt;&gt;</a>&nbsp;&nbsp;&nbsp;task1pollB1
</UL>

<P><STRONG><a name="[77]"></a>ledOnOff</STRONG> (Thumb, 92 bytes, Stack size 8 bytes, led.o(.text.ledOnOff))
<BR><BR>[Stack]<UL><LI>Max Depth = 8<LI>Call Chain = ledOnOff
</UL>
<BR>[Called By]<UL><LI><a href="#[7d]">&gt;&gt;</a>&nbsp;&nbsp;&nbsp;task2LED
<LI><a href="#[78]">&gt;&gt;</a>&nbsp;&nbsp;&nbsp;invertLEDs
<LI><a href="#[76]">&gt;&gt;</a>&nbsp;&nbsp;&nbsp;initTask2
</UL>

<P><STRONG><a name="[64]"></a>main</STRONG> (Thumb, 62 bytes, Stack size 16 bytes, main.o(.text.main))
<BR><BR>[Stack]<UL><LI>Max Depth = 88<LI>Call Chain = main &rArr; task2LED &rArr; invertLEDs &rArr; ledOnOff
</UL>
<BR>[Calls]<UL><LI><a href="#[7b]">&gt;&gt;</a>&nbsp;&nbsp;&nbsp;waitSysTickCounter
<LI><a href="#[6c]">&gt;&gt;</a>&nbsp;&nbsp;&nbsp;Init_SysTick
<LI><a href="#[72]">&gt;&gt;</a>&nbsp;&nbsp;&nbsp;configureButtons
<LI><a href="#[79]">&gt;&gt;</a>&nbsp;&nbsp;&nbsp;configureLEDs
<LI><a href="#[7d]">&gt;&gt;</a>&nbsp;&nbsp;&nbsp;task2LED
<LI><a href="#[76]">&gt;&gt;</a>&nbsp;&nbsp;&nbsp;initTask2
<LI><a href="#[7c]">&gt;&gt;</a>&nbsp;&nbsp;&nbsp;task1pollB1
<LI><a href="#[7a]">&gt;&gt;</a>&nbsp;&nbsp;&nbsp;initTask1
</UL>
<BR>[Called By]<UL><LI><a href="#[63]">&gt;&gt;</a>&nbsp;&nbsp;&nbsp;__rt_entry_main
</UL>

<P><STRONG><a name="[7c]"></a>task1pollB1</STRONG> (Thumb, 156 bytes, Stack size 16 bytes, main.o(.text.task1pollB1))
<BR><BR>[Stack]<UL><LI>Max Depth = 24<LI>Call Chain = task1pollB1 &rArr; isPressed
</UL>
<BR>[Calls]<UL><LI><a href="#[7e]">&gt;&gt;</a>&nbsp;&nbsp;&nbsp;isPressed
</UL>
<BR>[Called By]<UL><LI><a href="#[64]">&gt;&gt;</a>&nbsp;&nbsp;&nbsp;main
</UL>

<P><STRONG><a name="[7d]"></a>task2LED</STRONG> (Thumb, 624 bytes, Stack size 40 bytes, main.o(.text.task2LED))
<BR><BR>[Stack]<UL><LI>Max Depth = 72<LI>Call Chain = task2LED &rArr; invertLEDs &rArr; ledOnOff
</UL>
<BR>[Calls]<UL><LI><a href="#[7f]">&gt;&gt;</a>&nbsp;&nbsp;&nbsp;__aeabi_idivmod
<LI><a href="#[78]">&gt;&gt;</a>&nbsp;&nbsp;&nbsp;invertLEDs
<LI><a href="#[77]">&gt;&gt;</a>&nbsp;&nbsp;&nbsp;ledOnOff
</UL>
<BR>[Called By]<UL><LI><a href="#[64]">&gt;&gt;</a>&nbsp;&nbsp;&nbsp;main
</UL>

<P><STRONG><a name="[7b]"></a>waitSysTickCounter</STRONG> (Thumb, 28 bytes, Stack size 4 bytes, systick.o(.text.waitSysTickCounter))
<BR><BR>[Stack]<UL><LI>Max Depth = 4<LI>Call Chain = waitSysTickCounter
</UL>
<BR>[Called By]<UL><LI><a href="#[64]">&gt;&gt;</a>&nbsp;&nbsp;&nbsp;main
</UL>
<P>
<H3>
Local Symbols
</H3>
<P><STRONG><a name="[6f]"></a>__NVIC_ClearPendingIRQ</STRONG> (Thumb, 40 bytes, Stack size 4 bytes, main.o(.text.__NVIC_ClearPendingIRQ))
<BR><BR>[Stack]<UL><LI>Max Depth = 4<LI>Call Chain = __NVIC_ClearPendingIRQ
</UL>
<BR>[Called By]<UL><LI><a href="#[1b]">&gt;&gt;</a>&nbsp;&nbsp;&nbsp;PORTE_IRQHandler
</UL>

<P><STRONG><a name="[6e]"></a>SysTick_Config</STRONG> (Thumb, 68 bytes, Stack size 24 bytes, systick.o(.text.SysTick_Config))
<BR><BR>[Stack]<UL><LI>Max Depth = 48<LI>Call Chain = SysTick_Config &rArr; __NVIC_SetPriority
</UL>
<BR>[Calls]<UL><LI><a href="#[70]">&gt;&gt;</a>&nbsp;&nbsp;&nbsp;__NVIC_SetPriority
</UL>
<BR>[Called By]<UL><LI><a href="#[6c]">&gt;&gt;</a>&nbsp;&nbsp;&nbsp;Init_SysTick
</UL>

<P><STRONG><a name="[70]"></a>__NVIC_SetPriority</STRONG> (Thumb, 124 bytes, Stack size 24 bytes, systick.o(.text.__NVIC_SetPriority))
<BR><BR>[Stack]<UL><LI>Max Depth = 24<LI>Call Chain = __NVIC_SetPriority
</UL>
<BR>[Called By]<UL><LI><a href="#[6e]">&gt;&gt;</a>&nbsp;&nbsp;&nbsp;SysTick_Config
</UL>

<P><STRONG><a name="[73]"></a>__NVIC_SetPriority</STRONG> (Thumb, 124 bytes, Stack size 24 bytes, button.o(.text.__NVIC_SetPriority))
<BR><BR>[Stack]<UL><LI>Max Depth = 24<LI>Call Chain = __NVIC_SetPriority
</UL>
<BR>[Called By]<UL><LI><a href="#[72]">&gt;&gt;</a>&nbsp;&nbsp;&nbsp;configureButtons
</UL>

<P><STRONG><a name="[74]"></a>__NVIC_ClearPendingIRQ</STRONG> (Thumb, 40 bytes, Stack size 4 bytes, button.o(.text.__NVIC_ClearPendingIRQ))
<BR><BR>[Stack]<UL><LI>Max Depth = 4<LI>Call Chain = __NVIC_ClearPendingIRQ
</UL>
<BR>[Called By]<UL><LI><a href="#[72]">&gt;&gt;</a>&nbsp;&nbsp;&nbsp;configureButtons
</UL>

<P><STRONG><a name="[75]"></a>__NVIC_EnableIRQ</STRONG> (Thumb, 40 bytes, Stack size 4 bytes, button.o(.text.__NVIC_EnableIRQ))
<BR><BR>[Stack]<UL><LI>Max Depth = 4<LI>Call Chain = __NVIC_EnableIRQ
</UL>
<BR>[Called By]<UL><LI><a href="#[72]">&gt;&gt;</a>&nbsp;&nbsp;&nbsp;configureButtons
</UL>
<P>
<H3>
Undefined Global Symbols
</H3>
<P><STRONG><a name="[6a]"></a>_call_atexit_fns</STRONG> (ARM, 0 bytes, Stack size 0 bytes, UNDEFINED)
<BR><BR>[Called By]<UL><LI><a href="#[65]">&gt;&gt;</a>&nbsp;&nbsp;&nbsp;exit
</UL>
<HR></body></html>
