Component: Arm Compiler for Embedded 6.22 Tool: armlink [5ee90200]

==============================================================================

Section Cross References

    main.o(.text.initTask1) refers to main.o(.bss.b1State) for b1State
    main.o(.text.initTask1) refers to main.o(.bss.pressedB1_ev) for pressedB1_ev
    main.o(.text.initTask1) refers to main.o(.bss.b1BounceCount) for b1BounceCount
    main.o(.ARM.exidx.text.initTask1) refers to main.o(.text.initTask1) for [Anonymous Symbol]
    main.o(.text.task1pollB1) refers to button.o(.text.isPressed) for isPressed
    main.o(.text.task1pollB1) refers to main.o(.bss.b1BounceCount) for b1BounceCount
    main.o(.text.task1pollB1) refers to main.o(.bss.b1State) for b1State
    main.o(.text.task1pollB1) refers to main.o(.bss.pressedB1_ev) for pressedB1_ev
    main.o(.ARM.exidx.text.task1pollB1) refers to main.o(.text.task1pollB1) for [Anonymous Symbol]
    main.o(.text.initTask2) refers to led.o(.text.ledOnOff) for ledOnOff
    main.o(.text.initTask2) refers to main.o(.rodata.leds) for leds
    main.o(.ARM.exidx.text.initTask2) refers to main.o(.text.initTask2) for [Anonymous Symbol]
    main.o(.text.invertLEDs) refers to led.o(.text.ledOnOff) for ledOnOff
    main.o(.text.invertLEDs) refers to main.o(.bss.direction) for direction
    main.o(.text.invertLEDs) refers to main.o(.rodata.leds) for leds
    main.o(.ARM.exidx.text.invertLEDs) refers to main.o(.text.invertLEDs) for [Anonymous Symbol]
    main.o(.text.task2LED) refers to led.o(.text.ledOnOff) for ledOnOff
    main.o(.text.task2LED) refers to aeabi_sdiv.o(.text) for __aeabi_idivmod
    main.o(.text.task2LED) refers to main.o(.text.invertLEDs) for invertLEDs
    main.o(.text.task2LED) refers to main.o(.data.delayCount) for delayCount
    main.o(.text.task2LED) refers to main.o(.bss.direction) for direction
    main.o(.text.task2LED) refers to main.o(.bss.pressedB1_ev) for pressedB1_ev
    main.o(.text.task2LED) refers to main.o(.bss.pressedB5_ev) for pressedB5_ev
    main.o(.text.task2LED) refers to main.o(.data.current) for current
    main.o(.text.task2LED) refers to main.o(.rodata.leds) for leds
    main.o(.ARM.exidx.text.task2LED) refers to main.o(.text.task2LED) for [Anonymous Symbol]
    main.o(.text.PORTE_IRQHandler) refers to main.o(.text.__NVIC_ClearPendingIRQ) for __NVIC_ClearPendingIRQ
    main.o(.text.PORTE_IRQHandler) refers to main.o(.bss.pressedB5_ev) for pressedB5_ev
    main.o(.ARM.exidx.text.PORTE_IRQHandler) refers to main.o(.text.PORTE_IRQHandler) for [Anonymous Symbol]
    main.o(.ARM.exidx.text.__NVIC_ClearPendingIRQ) refers to main.o(.text.__NVIC_ClearPendingIRQ) for [Anonymous Symbol]
    main.o(.text.main) refers to led.o(.text.configureLEDs) for configureLEDs
    main.o(.text.main) refers to button.o(.text.configureButtons) for configureButtons
    main.o(.text.main) refers to main.o(.text.initTask1) for initTask1
    main.o(.text.main) refers to main.o(.text.initTask2) for initTask2
    main.o(.text.main) refers to systick.o(.text.Init_SysTick) for Init_SysTick
    main.o(.text.main) refers to systick.o(.text.waitSysTickCounter) for waitSysTickCounter
    main.o(.text.main) refers to main.o(.text.task1pollB1) for task1pollB1
    main.o(.text.main) refers to main.o(.text.task2LED) for task2LED
    main.o(.ARM.exidx.text.main) refers to main.o(.text.main) for [Anonymous Symbol]
    systick.o(.text.Init_SysTick) refers to aeabi_sdiv.o(.text) for __aeabi_uidiv
    systick.o(.text.Init_SysTick) refers to systick.o(.text.SysTick_Config) for SysTick_Config
    systick.o(.text.Init_SysTick) refers to system_mkl28z7.o(.data.SystemCoreClock) for SystemCoreClock
    systick.o(.ARM.exidx.text.Init_SysTick) refers to systick.o(.text.Init_SysTick) for [Anonymous Symbol]
    systick.o(.text.SysTick_Config) refers to systick.o(.text.__NVIC_SetPriority) for __NVIC_SetPriority
    systick.o(.ARM.exidx.text.SysTick_Config) refers to systick.o(.text.SysTick_Config) for [Anonymous Symbol]
    systick.o(.text.SysTick_Handler) refers to systick.o(.bss.SysTickCounter) for SysTickCounter
    systick.o(.ARM.exidx.text.SysTick_Handler) refers to systick.o(.text.SysTick_Handler) for [Anonymous Symbol]
    systick.o(.text.waitSysTickCounter) refers to systick.o(.bss.SysTickCounter) for SysTickCounter
    systick.o(.ARM.exidx.text.waitSysTickCounter) refers to systick.o(.text.waitSysTickCounter) for [Anonymous Symbol]
    systick.o(.ARM.exidx.text.__NVIC_SetPriority) refers to systick.o(.text.__NVIC_SetPriority) for [Anonymous Symbol]
    button.o(.text.configureButtons) refers to button.o(.text.__NVIC_SetPriority) for __NVIC_SetPriority
    button.o(.text.configureButtons) refers to button.o(.text.__NVIC_ClearPendingIRQ) for __NVIC_ClearPendingIRQ
    button.o(.text.configureButtons) refers to button.o(.text.__NVIC_EnableIRQ) for __NVIC_EnableIRQ
    button.o(.ARM.exidx.text.configureButtons) refers to button.o(.text.configureButtons) for [Anonymous Symbol]
    button.o(.ARM.exidx.text.__NVIC_SetPriority) refers to button.o(.text.__NVIC_SetPriority) for [Anonymous Symbol]
    button.o(.ARM.exidx.text.__NVIC_ClearPendingIRQ) refers to button.o(.text.__NVIC_ClearPendingIRQ) for [Anonymous Symbol]
    button.o(.ARM.exidx.text.__NVIC_EnableIRQ) refers to button.o(.text.__NVIC_EnableIRQ) for [Anonymous Symbol]
    button.o(.ARM.exidx.text.isPressed) refers to button.o(.text.isPressed) for [Anonymous Symbol]
    led.o(.ARM.exidx.text.configureLEDs) refers to led.o(.text.configureLEDs) for [Anonymous Symbol]
    led.o(.text.ledOnOff) refers to led.o(.rodata.ledMask) for ledMask
    led.o(.ARM.exidx.text.ledOnOff) refers to led.o(.text.ledOnOff) for [Anonymous Symbol]
    startup_mkl28z7.o(RESET) refers to startup_mkl28z7.o(.text) for Reset_Handler
    startup_mkl28z7.o(RESET) refers to systick.o(.text.SysTick_Handler) for SysTick_Handler
    startup_mkl28z7.o(RESET) refers to main.o(.text.PORTE_IRQHandler) for PORTE_IRQHandler
    startup_mkl28z7.o(.text) refers to startup_mkl28z7.o(FlashConfig) for FlashConfig
    startup_mkl28z7.o(.text) refers to startup_mkl28z7.o(RESET) for __Vectors
    startup_mkl28z7.o(.text) refers to system_mkl28z7.o(.text.SystemInit) for SystemInit
    startup_mkl28z7.o(.text) refers to __main.o(!!!main) for __main
    system_mkl28z7.o(.text.SystemInit) refers to system_mkl28z7.o(.text.SystemInitHook) for SystemInitHook
    system_mkl28z7.o(.ARM.exidx.text.SystemInit) refers to system_mkl28z7.o(.text.SystemInit) for [Anonymous Symbol]
    system_mkl28z7.o(.ARM.exidx.text.SystemInitHook) refers to system_mkl28z7.o(.text.SystemInitHook) for [Anonymous Symbol]
    system_mkl28z7.o(.text.SystemCoreClockUpdate) refers to aeabi_sdiv.o(.text) for __aeabi_uidiv
    system_mkl28z7.o(.text.SystemCoreClockUpdate) refers to system_mkl28z7.o(.data.SystemCoreClock) for SystemCoreClock
    system_mkl28z7.o(.ARM.exidx.text.SystemCoreClockUpdate) refers to system_mkl28z7.o(.text.SystemCoreClockUpdate) for [Anonymous Symbol]
    __main.o(!!!main) refers to __rtentry.o(.ARM.Collect$$rtentry$$00000000) for __rt_entry
    __rtentry.o(.ARM.Collect$$rtentry$$00000000) refers (Special) to __rtentry2.o(.ARM.Collect$$rtentry$$0000000A) for __rt_entry_li
    __rtentry.o(.ARM.Collect$$rtentry$$00000000) refers (Special) to __rtentry2.o(.ARM.Collect$$rtentry$$0000000D) for __rt_entry_main
    __rtentry.o(.ARM.Collect$$rtentry$$00000000) refers (Special) to __rtentry2.o(.ARM.Collect$$rtentry$$0000000C) for __rt_entry_postli_1
    __rtentry.o(.ARM.Collect$$rtentry$$00000000) refers (Special) to __rtentry2.o(.ARM.Collect$$rtentry$$00000009) for __rt_entry_postsh_1
    __rtentry.o(.ARM.Collect$$rtentry$$00000000) refers (Special) to __rtentry2.o(.ARM.Collect$$rtentry$$00000002) for __rt_entry_presh_1
    __rtentry.o(.ARM.Collect$$rtentry$$00000000) refers (Special) to __rtentry7.o(.ARM.Collect$$rtentry$$00000007) for __rt_entry_sh
    aeabi_idiv0_sigfpe.o(.text) refers to rt_div0.o(.text) for __rt_div0
    __rtentry2.o(.ARM.Collect$$rtentry$$00000008) refers to boardinit2.o(.text) for _platform_post_stackheap_init
    __rtentry2.o(.ARM.Collect$$rtentry$$0000000A) refers to libinit.o(.ARM.Collect$$libinit$$00000000) for __rt_lib_init
    __rtentry2.o(.ARM.Collect$$rtentry$$0000000B) refers to boardinit3.o(.text) for _platform_post_lib_init
    __rtentry2.o(.ARM.Collect$$rtentry$$0000000D) refers to main.o(.text.main) for main
    __rtentry2.o(.ARM.Collect$$rtentry$$0000000D) refers to exit.o(.text) for exit
    __rtentry2.o(.ARM.exidx) refers to __rtentry2.o(.ARM.Collect$$rtentry$$00000001) for .ARM.Collect$$rtentry$$00000001
    __rtentry2.o(.ARM.exidx) refers to __rtentry2.o(.ARM.Collect$$rtentry$$00000008) for .ARM.Collect$$rtentry$$00000008
    __rtentry2.o(.ARM.exidx) refers to __rtentry2.o(.ARM.Collect$$rtentry$$0000000A) for .ARM.Collect$$rtentry$$0000000A
    __rtentry2.o(.ARM.exidx) refers to __rtentry2.o(.ARM.Collect$$rtentry$$0000000B) for .ARM.Collect$$rtentry$$0000000B
    __rtentry2.o(.ARM.exidx) refers to __rtentry2.o(.ARM.Collect$$rtentry$$0000000D) for .ARM.Collect$$rtentry$$0000000D
    __rtentry4.o(.ARM.Collect$$rtentry$$00000004) refers to sys_stackheap_outer.o(.text) for __user_setup_stackheap
    __rtentry4.o(.ARM.exidx) refers to __rtentry4.o(.ARM.Collect$$rtentry$$00000004) for .ARM.Collect$$rtentry$$00000004
    __rtentry7.o(.ARM.Collect$$rtentry$$00000007) refers to __rtentry7.o(.ARM.Collect$$rtentry$$00002718) for __lit__00000000
    __rtentry7.o(__vectab_stack_and_reset_2_area) refers to __main.o(!!!main) for __main
    __rtentry7.o(.ARM.exidx) refers to __rtentry7.o(.ARM.Collect$$rtentry$$00000007) for .ARM.Collect$$rtentry$$00000007
    __rtentry7.o(.ARM.exidx) refers to __rtentry7.o(.ARM.Collect$$rtentry$$00002718) for .ARM.Collect$$rtentry$$00002718
    rt_div0.o(.text) refers to defsig_fpe_outer.o(.text) for __rt_SIGFPE
    sys_stackheap_outer.o(.text) refers to libspace.o(.text) for __user_perproc_libspace
    sys_stackheap_outer.o(.text) refers to sys_stackheap.o(.text) for __user_initial_stackheap
    sys_stackheap_outer.o(__vectab_stack_and_reset_area) refers to tempstk.o(.text) for __temporary_stack_top
    sys_stackheap_outer.o(__vectab_stack_and_reset_area) refers to __main.o(!!!main) for __main
    exit.o(.text) refers to rtexit.o(.ARM.Collect$$rtexit$$00000000) for __rt_exit
    defsig_fpe_outer.o(.text) refers to defsig_fpe_inner.o(.text) for __rt_SIGFPE_inner
    defsig_fpe_outer.o(.text) refers to defsig_exit.o(.text) for __sig_exit
    defsig_fpe_formal.o(.text) refers to rt_raise.o(.text) for __rt_raise
    libinit.o(.ARM.Collect$$libinit$$00000000) refers (Special) to libinit2.o(.ARM.Collect$$libinit$$00000030) for __rt_lib_init_alloca_1
    libinit.o(.ARM.Collect$$libinit$$00000000) refers (Special) to libinit2.o(.ARM.Collect$$libinit$$0000002E) for __rt_lib_init_argv_1
    libinit.o(.ARM.Collect$$libinit$$00000000) refers (Special) to libinit2.o(.ARM.Collect$$libinit$$0000001D) for __rt_lib_init_atexit_1
    libinit.o(.ARM.Collect$$libinit$$00000000) refers (Special) to libinit2.o(.ARM.Collect$$libinit$$00000023) for __rt_lib_init_clock_1
    libinit.o(.ARM.Collect$$libinit$$00000000) refers (Special) to libinit2.o(.ARM.Collect$$libinit$$00000034) for __rt_lib_init_cpp_1
    libinit.o(.ARM.Collect$$libinit$$00000000) refers (Special) to libinit2.o(.ARM.Collect$$libinit$$00000032) for __rt_lib_init_exceptions_1
    libinit.o(.ARM.Collect$$libinit$$00000000) refers (Special) to libinit2.o(.ARM.Collect$$libinit$$00000002) for __rt_lib_init_fp_1
    libinit.o(.ARM.Collect$$libinit$$00000000) refers (Special) to libinit2.o(.ARM.Collect$$libinit$$00000021) for __rt_lib_init_fp_trap_1
    libinit.o(.ARM.Collect$$libinit$$00000000) refers (Special) to libinit2.o(.ARM.Collect$$libinit$$00000025) for __rt_lib_init_getenv_1
    libinit.o(.ARM.Collect$$libinit$$00000000) refers (Special) to libinit2.o(.ARM.Collect$$libinit$$0000000C) for __rt_lib_init_heap_1
    libinit.o(.ARM.Collect$$libinit$$00000000) refers (Special) to libinit2.o(.ARM.Collect$$libinit$$00000013) for __rt_lib_init_lc_collate_1
    libinit.o(.ARM.Collect$$libinit$$00000000) refers (Special) to libinit2.o(.ARM.Collect$$libinit$$00000015) for __rt_lib_init_lc_ctype_1
    libinit.o(.ARM.Collect$$libinit$$00000000) refers (Special) to libinit2.o(.ARM.Collect$$libinit$$00000017) for __rt_lib_init_lc_monetary_1
    libinit.o(.ARM.Collect$$libinit$$00000000) refers (Special) to libinit2.o(.ARM.Collect$$libinit$$00000019) for __rt_lib_init_lc_numeric_1
    libinit.o(.ARM.Collect$$libinit$$00000000) refers (Special) to libinit2.o(.ARM.Collect$$libinit$$0000001B) for __rt_lib_init_lc_time_1
    libinit.o(.ARM.Collect$$libinit$$00000000) refers (Special) to libinit2.o(.ARM.Collect$$libinit$$00000006) for __rt_lib_init_preinit_1
    libinit.o(.ARM.Collect$$libinit$$00000000) refers (Special) to libinit2.o(.ARM.Collect$$libinit$$00000010) for __rt_lib_init_rand_1
    libinit.o(.ARM.Collect$$libinit$$00000000) refers (Special) to libinit2.o(.ARM.Collect$$libinit$$00000004) for __rt_lib_init_relocate_pie_1
    libinit.o(.ARM.Collect$$libinit$$00000000) refers (Special) to libinit2.o(.ARM.Collect$$libinit$$00000035) for __rt_lib_init_return
    libinit.o(.ARM.Collect$$libinit$$00000000) refers (Special) to libinit2.o(.ARM.Collect$$libinit$$0000001F) for __rt_lib_init_signal_1
    libinit.o(.ARM.Collect$$libinit$$00000000) refers (Special) to libinit2.o(.ARM.Collect$$libinit$$00000027) for __rt_lib_init_stdio_1
    libinit.o(.ARM.Collect$$libinit$$00000000) refers (Special) to libinit2.o(.ARM.Collect$$libinit$$0000000E) for __rt_lib_init_user_alloc_1
    libspace.o(.text) refers to libspace.o(.bss) for __libspace_start
    sys_stackheap.o(.text) refers (Special) to indicate_semi.o(.text) for __semihosting_library_function
    sys_stackheap.o(.text) refers to use_no_semi.o(.text) for __I$use$semihosting
    sys_stackheap_hlt.o(.text) refers (Special) to indicate_semi.o(.text) for __semihosting_library_function
    sys_stackheap_hlt.o(.text) refers to use_no_semi.o(.text) for __I$use$semihosting
    rtexit.o(.ARM.Collect$$rtexit$$00000000) refers (Special) to rtexit2.o(.ARM.Collect$$rtexit$$00000004) for __rt_exit_exit
    rtexit.o(.ARM.Collect$$rtexit$$00000000) refers (Special) to rtexit2.o(.ARM.Collect$$rtexit$$00000003) for __rt_exit_ls
    rtexit.o(.ARM.Collect$$rtexit$$00000000) refers (Special) to rtexit2.o(.ARM.Collect$$rtexit$$00000002) for __rt_exit_prels_1
    rtexit.o(.ARM.exidx) refers (Special) to rtexit2.o(.ARM.Collect$$rtexit$$00000004) for __rt_exit_exit
    rtexit.o(.ARM.exidx) refers (Special) to rtexit2.o(.ARM.Collect$$rtexit$$00000003) for __rt_exit_ls
    rtexit.o(.ARM.exidx) refers (Special) to rtexit2.o(.ARM.Collect$$rtexit$$00000002) for __rt_exit_prels_1
    rtexit.o(.ARM.exidx) refers to rtexit.o(.ARM.Collect$$rtexit$$00000000) for .ARM.Collect$$rtexit$$00000000
    rt_raise.o(.text) refers to __raise.o(.text) for __raise
    rt_raise.o(.text) refers to sys_exit.o(.text) for _sys_exit
    defsig_exit.o(.text) refers to sys_exit.o(.text) for _sys_exit
    defsig_fpe_inner.o(.text) refers to defsig_general.o(.text) for __default_signal_display
    libinit2.o(.ARM.Collect$$libinit$$00000012) refers to libinit2.o(.ARM.Collect$$libinit$$00000011) for .ARM.Collect$$libinit$$00000011
    libinit2.o(.ARM.Collect$$libinit$$00000014) refers to libinit2.o(.ARM.Collect$$libinit$$00000011) for .ARM.Collect$$libinit$$00000011
    libinit2.o(.ARM.Collect$$libinit$$00000016) refers to libinit2.o(.ARM.Collect$$libinit$$00000011) for .ARM.Collect$$libinit$$00000011
    libinit2.o(.ARM.Collect$$libinit$$00000018) refers to libinit2.o(.ARM.Collect$$libinit$$00000011) for .ARM.Collect$$libinit$$00000011
    libinit2.o(.ARM.Collect$$libinit$$0000001A) refers to libinit2.o(.ARM.Collect$$libinit$$00000011) for .ARM.Collect$$libinit$$00000011
    libinit2.o(.ARM.Collect$$libinit$$00000028) refers to argv_veneer.o(.text) for __ARM_argv_veneer
    libinit2.o(.ARM.Collect$$libinit$$00000029) refers to argv_veneer.o(.text) for __ARM_argv_veneer
    libinit5.o(.ARM.Collect$$libinit$$0000000A) refers to libinit5.o(.ARM.Collect$$libinit$$0000271B) for __lit__00000000
    libinit5.o(.ARM.Collect$$libinit$$0000002C) refers to libinit5.o(.ARM.Collect$$libinit$$0000273D) for __lit__00000002
    libinit5.o(.ARM.Collect$$libinit$$0000002C) refers to argv_veneer.o(.text) for __ARM_argv_veneer
    sys_exit.o(.text) refers (Special) to use_no_semi.o(.text) for __I$use$semihosting
    sys_exit.o(.text) refers (Special) to indicate_semi.o(.text) for __semihosting_library_function
    sys_exit_hlt.o(.text) refers (Special) to use_no_semi.o(.text) for __I$use$semihosting
    sys_exit_hlt.o(.text) refers (Special) to indicate_semi.o(.text) for __semihosting_library_function
    rtexit2.o(.ARM.Collect$$rtexit$$00000003) refers to libshutdown.o(.ARM.Collect$$libshutdown$$00000000) for __rt_lib_shutdown
    rtexit2.o(.ARM.Collect$$rtexit$$00000004) refers to sys_exit.o(.text) for _sys_exit
    rtexit2.o(.ARM.exidx) refers to rtexit2.o(.ARM.Collect$$rtexit$$00000001) for .ARM.Collect$$rtexit$$00000001
    rtexit2.o(.ARM.exidx) refers to rtexit2.o(.ARM.Collect$$rtexit$$00000003) for .ARM.Collect$$rtexit$$00000003
    rtexit2.o(.ARM.exidx) refers to rtexit2.o(.ARM.Collect$$rtexit$$00000004) for .ARM.Collect$$rtexit$$00000004
    __raise.o(.text) refers to defsig.o(CL$$defsig) for __default_signal_handler
    defsig_general.o(.text) refers to sys_wrch.o(.text) for _ttywrch
    sys_wrch.o(.text) refers (Special) to use_no_semi.o(.text) for __I$use$semihosting
    sys_wrch.o(.text) refers (Special) to indicate_semi.o(.text) for __semihosting_library_function
    sys_wrch_hlt.o(.text) refers (Special) to use_no_semi.o(.text) for __I$use$semihosting
    sys_wrch_hlt.o(.text) refers (Special) to indicate_semi.o(.text) for __semihosting_library_function
    defsig.o(CL$$defsig) refers to defsig_fpe_inner.o(.text) for __rt_SIGFPE_inner
    defsig.o(CL$$defsig) refers to defsig_rtmem_inner.o(.text) for __rt_SIGRTMEM_inner
    _get_argv_nomalloc.o(.text) refers (Special) to hrguard.o(.text) for __heap_region$guard
    _get_argv_nomalloc.o(.text) refers to defsig_rtmem_outer.o(.text) for __rt_SIGRTMEM
    _get_argv_nomalloc.o(.text) refers to sys_command.o(.text) for _sys_command_string
    libshutdown.o(.ARM.Collect$$libshutdown$$00000000) refers (Special) to libshutdown2.o(.ARM.Collect$$libshutdown$$00000002) for __rt_lib_shutdown_cpp_1
    libshutdown.o(.ARM.Collect$$libshutdown$$00000000) refers (Special) to libshutdown2.o(.ARM.Collect$$libshutdown$$00000007) for __rt_lib_shutdown_fp_trap_1
    libshutdown.o(.ARM.Collect$$libshutdown$$00000000) refers (Special) to libshutdown2.o(.ARM.Collect$$libshutdown$$0000000F) for __rt_lib_shutdown_heap_1
    libshutdown.o(.ARM.Collect$$libshutdown$$00000000) refers (Special) to libshutdown2.o(.ARM.Collect$$libshutdown$$00000010) for __rt_lib_shutdown_return
    libshutdown.o(.ARM.Collect$$libshutdown$$00000000) refers (Special) to libshutdown2.o(.ARM.Collect$$libshutdown$$0000000A) for __rt_lib_shutdown_signal_1
    libshutdown.o(.ARM.Collect$$libshutdown$$00000000) refers (Special) to libshutdown2.o(.ARM.Collect$$libshutdown$$00000004) for __rt_lib_shutdown_stdio_1
    libshutdown.o(.ARM.Collect$$libshutdown$$00000000) refers (Special) to libshutdown2.o(.ARM.Collect$$libshutdown$$0000000C) for __rt_lib_shutdown_user_alloc_1
    sys_command.o(.text) refers (Special) to use_no_semi.o(.text) for __I$use$semihosting
    sys_command.o(.text) refers (Special) to indicate_semi.o(.text) for __semihosting_library_function
    sys_command_hlt.o(.text) refers (Special) to use_no_semi.o(.text) for __I$use$semihosting
    sys_command_hlt.o(.text) refers (Special) to indicate_semi.o(.text) for __semihosting_library_function
    defsig_abrt_inner.o(.text) refers to defsig_general.o(.text) for __default_signal_display
    defsig_rtred_inner.o(.text) refers to defsig_general.o(.text) for __default_signal_display
    defsig_rtmem_inner.o(.text) refers to defsig_general.o(.text) for __default_signal_display
    defsig_rtmem_outer.o(.text) refers to defsig_rtmem_inner.o(.text) for __rt_SIGRTMEM_inner
    defsig_rtmem_outer.o(.text) refers to defsig_exit.o(.text) for __sig_exit
    defsig_rtmem_formal.o(.text) refers to rt_raise.o(.text) for __rt_raise
    defsig_stak_inner.o(.text) refers to defsig_general.o(.text) for __default_signal_display
    defsig_pvfn_inner.o(.text) refers to defsig_general.o(.text) for __default_signal_display
    defsig_cppl_inner.o(.text) refers to defsig_general.o(.text) for __default_signal_display
    defsig_segv_inner.o(.text) refers to defsig_general.o(.text) for __default_signal_display
    defsig_other.o(.text) refers to defsig_general.o(.text) for __default_signal_display


==============================================================================

Removing Unused input sections from the image.

    Removing main.o(.text), (0 bytes).
    Removing main.o(.ARM.exidx.text.initTask1), (8 bytes).
    Removing main.o(.ARM.exidx.text.task1pollB1), (8 bytes).
    Removing main.o(.ARM.exidx.text.initTask2), (8 bytes).
    Removing main.o(.ARM.exidx.text.invertLEDs), (8 bytes).
    Removing main.o(.ARM.exidx.text.task2LED), (8 bytes).
    Removing main.o(.ARM.exidx.text.PORTE_IRQHandler), (8 bytes).
    Removing main.o(.ARM.exidx.text.__NVIC_ClearPendingIRQ), (8 bytes).
    Removing main.o(.ARM.exidx.text.main), (8 bytes).
    Removing main.o(.ARM.use_no_argv), (4 bytes).
    Removing systick.o(.text), (0 bytes).
    Removing systick.o(.ARM.exidx.text.Init_SysTick), (8 bytes).
    Removing systick.o(.ARM.exidx.text.SysTick_Config), (8 bytes).
    Removing systick.o(.ARM.exidx.text.SysTick_Handler), (8 bytes).
    Removing systick.o(.ARM.exidx.text.waitSysTickCounter), (8 bytes).
    Removing systick.o(.ARM.exidx.text.__NVIC_SetPriority), (8 bytes).
    Removing button.o(.text), (0 bytes).
    Removing button.o(.ARM.exidx.text.configureButtons), (8 bytes).
    Removing button.o(.ARM.exidx.text.__NVIC_SetPriority), (8 bytes).
    Removing button.o(.ARM.exidx.text.__NVIC_ClearPendingIRQ), (8 bytes).
    Removing button.o(.ARM.exidx.text.__NVIC_EnableIRQ), (8 bytes).
    Removing button.o(.ARM.exidx.text.isPressed), (8 bytes).
    Removing led.o(.text), (0 bytes).
    Removing led.o(.ARM.exidx.text.configureLEDs), (8 bytes).
    Removing led.o(.ARM.exidx.text.ledOnOff), (8 bytes).
    Removing system_mkl28z7.o(.text), (0 bytes).
    Removing system_mkl28z7.o(.ARM.exidx.text.SystemInit), (8 bytes).
    Removing system_mkl28z7.o(.ARM.exidx.text.SystemInitHook), (8 bytes).
    Removing system_mkl28z7.o(.text.SystemCoreClockUpdate), (276 bytes).
    Removing system_mkl28z7.o(.ARM.exidx.text.SystemCoreClockUpdate), (8 bytes).

30 unused section(s) (total 464 bytes) removed from the image.

==============================================================================

Image Symbol Table

    Local Symbols

    Symbol Name                              Value     Ov Type        Size  Object(Section)

    ../clib/angel/boardlib.s                 0x00000000   Number         0  boardinit1.o ABSOLUTE
    ../clib/angel/boardlib.s                 0x00000000   Number         0  boardinit2.o ABSOLUTE
    ../clib/angel/boardlib.s                 0x00000000   Number         0  boardinit3.o ABSOLUTE
    ../clib/angel/boardlib.s                 0x00000000   Number         0  boardshut.o ABSOLUTE
    ../clib/angel/handlers.s                 0x00000000   Number         0  __scatter_copy.o ABSOLUTE
    ../clib/angel/handlers.s                 0x00000000   Number         0  __scatter_zi.o ABSOLUTE
    ../clib/angel/kernel.s                   0x00000000   Number         0  __rtentry.o ABSOLUTE
    ../clib/angel/kernel.s                   0x00000000   Number         0  __rtentry2.o ABSOLUTE
    ../clib/angel/kernel.s                   0x00000000   Number         0  __rtentry4.o ABSOLUTE
    ../clib/angel/kernel.s                   0x00000000   Number         0  __rtentry7.o ABSOLUTE
    ../clib/angel/kernel.s                   0x00000000   Number         0  rtexit.o ABSOLUTE
    ../clib/angel/kernel.s                   0x00000000   Number         0  rtexit2.o ABSOLUTE
    ../clib/angel/rt.s                       0x00000000   Number         0  aeabi_idiv0.o ABSOLUTE
    ../clib/angel/rt.s                       0x00000000   Number         0  aeabi_idiv0_sigfpe.o ABSOLUTE
    ../clib/angel/rt.s                       0x00000000   Number         0  rt_div0.o ABSOLUTE
    ../clib/angel/rt.s                       0x00000000   Number         0  rt_raise.o ABSOLUTE
    ../clib/angel/scatterp.s                 0x00000000   Number         0  __scatter.o ABSOLUTE
    ../clib/angel/startup.s                  0x00000000   Number         0  __main.o ABSOLUTE
    ../clib/angel/sys.s                      0x00000000   Number         0  sys_stackheap_outer.o ABSOLUTE
    ../clib/angel/sys.s                      0x00000000   Number         0  libspace.o ABSOLUTE
    ../clib/angel/sys.s                      0x00000000   Number         0  sys_stackheap.o ABSOLUTE
    ../clib/angel/sys.s                      0x00000000   Number         0  tempstk.o ABSOLUTE
    ../clib/angel/sys.s                      0x00000000   Number         0  sys_stackheap_hlt.o ABSOLUTE
    ../clib/angel/sys.s                      0x00000000   Number         0  use_no_semi.o ABSOLUTE
    ../clib/angel/sys.s                      0x00000000   Number         0  indicate_semi.o ABSOLUTE
    ../clib/angel/sysapp.c                   0x00000000   Number         0  sys_exit.o ABSOLUTE
    ../clib/angel/sysapp.c                   0x00000000   Number         0  sys_exit_hlt.o ABSOLUTE
    ../clib/angel/sysapp.c                   0x00000000   Number         0  sys_wrch.o ABSOLUTE
    ../clib/angel/sysapp.c                   0x00000000   Number         0  sys_wrch_hlt.o ABSOLUTE
    ../clib/angel/sysapp.c                   0x00000000   Number         0  sys_command.o ABSOLUTE
    ../clib/angel/sysapp.c                   0x00000000   Number         0  sys_command_hlt.o ABSOLUTE
    ../clib/armsys.c                         0x00000000   Number         0  argv_veneer.o ABSOLUTE
    ../clib/armsys.c                         0x00000000   Number         0  _get_argv_nomalloc.o ABSOLUTE
    ../clib/armsys.c                         0x00000000   Number         0  no_argv.o ABSOLUTE
    ../clib/division.s                       0x00000000   Number         0  aeabi_sdiv.o ABSOLUTE
    ../clib/division.s                       0x00000000   Number         0  aeabi_sdiv_div0.o ABSOLUTE
    ../clib/heapalloc.c                      0x00000000   Number         0  hrguard.o ABSOLUTE
    ../clib/libinit.s                        0x00000000   Number         0  libinit.o ABSOLUTE
    ../clib/libinit.s                        0x00000000   Number         0  libinit2.o ABSOLUTE
    ../clib/libinit.s                        0x00000000   Number         0  libinit5.o ABSOLUTE
    ../clib/libinit.s                        0x00000000   Number         0  libshutdown.o ABSOLUTE
    ../clib/libinit.s                        0x00000000   Number         0  libshutdown2.o ABSOLUTE
    ../clib/signal.c                         0x00000000   Number         0  defsig_fpe_outer.o ABSOLUTE
    ../clib/signal.c                         0x00000000   Number         0  defsig_fpe_formal.o ABSOLUTE
    ../clib/signal.c                         0x00000000   Number         0  defsig_exit.o ABSOLUTE
    ../clib/signal.c                         0x00000000   Number         0  defsig_fpe_inner.o ABSOLUTE
    ../clib/signal.c                         0x00000000   Number         0  __raise.o ABSOLUTE
    ../clib/signal.c                         0x00000000   Number         0  defsig_general.o ABSOLUTE
    ../clib/signal.c                         0x00000000   Number         0  defsig_abrt_inner.o ABSOLUTE
    ../clib/signal.c                         0x00000000   Number         0  defsig_rtred_inner.o ABSOLUTE
    ../clib/signal.c                         0x00000000   Number         0  defsig_rtmem_inner.o ABSOLUTE
    ../clib/signal.c                         0x00000000   Number         0  defsig_rtmem_outer.o ABSOLUTE
    ../clib/signal.c                         0x00000000   Number         0  defsig_rtmem_formal.o ABSOLUTE
    ../clib/signal.c                         0x00000000   Number         0  defsig_stak_inner.o ABSOLUTE
    ../clib/signal.c                         0x00000000   Number         0  defsig_pvfn_inner.o ABSOLUTE
    ../clib/signal.c                         0x00000000   Number         0  defsig_cppl_inner.o ABSOLUTE
    ../clib/signal.c                         0x00000000   Number         0  defsig_segv_inner.o ABSOLUTE
    ../clib/signal.c                         0x00000000   Number         0  defsig_other.o ABSOLUTE
    ../clib/signal.s                         0x00000000   Number         0  defsig.o ABSOLUTE
    ../clib/stdlib.c                         0x00000000   Number         0  exit.o ABSOLUTE
    ../fplib/cfplib/fpinit.c                 0x00000000   Number         0  fpinit.o ABSOLUTE
    RTE/Device/MKL28Z512VLL7/startup_MKL28Z7.s 0x00000000   Number         0  startup_mkl28z7.o ABSOLUTE
    SysTick.c                                0x00000000   Number         0  systick.o ABSOLUTE
    button.c                                 0x00000000   Number         0  button.o ABSOLUTE
    dc.s                                     0x00000000   Number         0  dc.o ABSOLUTE
    led.c                                    0x00000000   Number         0  led.o ABSOLUTE
    main.c                                   0x00000000   Number         0  main.o ABSOLUTE
    system_MKL28Z7.c                         0x00000000   Number         0  system_mkl28z7.o ABSOLUTE
    RESET                                    0x00000000   Section      320  startup_mkl28z7.o(RESET)
    FlashConfig                              0x00000400   Section       16  startup_mkl28z7.o(FlashConfig)
    !!!main                                  0x00000410   Section        8  __main.o(!!!main)
    !!!scatter                               0x00000418   Section       84  __scatter.o(!!!scatter)
    !!handler_copy                           0x0000046c   Section       26  __scatter_copy.o(!!handler_copy)
    !!handler_null                           0x00000488   Section        2  __scatter.o(!!handler_null)
    !!handler_zi                             0x0000048c   Section       28  __scatter_zi.o(!!handler_zi)
    .ARM.Collect$$libinit$$00000000          0x000004a8   Section        2  libinit.o(.ARM.Collect$$libinit$$00000000)
    .ARM.Collect$$libinit$$00000002          0x000004aa   Section        0  libinit2.o(.ARM.Collect$$libinit$$00000002)
    .ARM.Collect$$libinit$$00000004          0x000004aa   Section        0  libinit2.o(.ARM.Collect$$libinit$$00000004)
    .ARM.Collect$$libinit$$00000006          0x000004aa   Section        0  libinit2.o(.ARM.Collect$$libinit$$00000006)
    .ARM.Collect$$libinit$$0000000C          0x000004aa   Section        0  libinit2.o(.ARM.Collect$$libinit$$0000000C)
    .ARM.Collect$$libinit$$0000000E          0x000004aa   Section        0  libinit2.o(.ARM.Collect$$libinit$$0000000E)
    .ARM.Collect$$libinit$$00000010          0x000004aa   Section        0  libinit2.o(.ARM.Collect$$libinit$$00000010)
    .ARM.Collect$$libinit$$00000013          0x000004aa   Section        0  libinit2.o(.ARM.Collect$$libinit$$00000013)
    .ARM.Collect$$libinit$$00000015          0x000004aa   Section        0  libinit2.o(.ARM.Collect$$libinit$$00000015)
    .ARM.Collect$$libinit$$00000017          0x000004aa   Section        0  libinit2.o(.ARM.Collect$$libinit$$00000017)
    .ARM.Collect$$libinit$$00000019          0x000004aa   Section        0  libinit2.o(.ARM.Collect$$libinit$$00000019)
    .ARM.Collect$$libinit$$0000001B          0x000004aa   Section        0  libinit2.o(.ARM.Collect$$libinit$$0000001B)
    .ARM.Collect$$libinit$$0000001D          0x000004aa   Section        0  libinit2.o(.ARM.Collect$$libinit$$0000001D)
    .ARM.Collect$$libinit$$0000001F          0x000004aa   Section        0  libinit2.o(.ARM.Collect$$libinit$$0000001F)
    .ARM.Collect$$libinit$$00000021          0x000004aa   Section        0  libinit2.o(.ARM.Collect$$libinit$$00000021)
    .ARM.Collect$$libinit$$00000023          0x000004aa   Section        0  libinit2.o(.ARM.Collect$$libinit$$00000023)
    .ARM.Collect$$libinit$$00000025          0x000004aa   Section        0  libinit2.o(.ARM.Collect$$libinit$$00000025)
    .ARM.Collect$$libinit$$00000027          0x000004aa   Section        0  libinit2.o(.ARM.Collect$$libinit$$00000027)
    .ARM.Collect$$libinit$$0000002E          0x000004aa   Section        0  libinit2.o(.ARM.Collect$$libinit$$0000002E)
    .ARM.Collect$$libinit$$00000030          0x000004aa   Section        0  libinit2.o(.ARM.Collect$$libinit$$00000030)
    .ARM.Collect$$libinit$$00000032          0x000004aa   Section        0  libinit2.o(.ARM.Collect$$libinit$$00000032)
    .ARM.Collect$$libinit$$00000034          0x000004aa   Section        0  libinit2.o(.ARM.Collect$$libinit$$00000034)
    .ARM.Collect$$libinit$$00000035          0x000004aa   Section        2  libinit2.o(.ARM.Collect$$libinit$$00000035)
    .ARM.Collect$$libshutdown$$00000000      0x000004ac   Section        2  libshutdown.o(.ARM.Collect$$libshutdown$$00000000)
    .ARM.Collect$$libshutdown$$00000002      0x000004ae   Section        0  libshutdown2.o(.ARM.Collect$$libshutdown$$00000002)
    .ARM.Collect$$libshutdown$$00000004      0x000004ae   Section        0  libshutdown2.o(.ARM.Collect$$libshutdown$$00000004)
    .ARM.Collect$$libshutdown$$00000007      0x000004ae   Section        0  libshutdown2.o(.ARM.Collect$$libshutdown$$00000007)
    .ARM.Collect$$libshutdown$$0000000A      0x000004ae   Section        0  libshutdown2.o(.ARM.Collect$$libshutdown$$0000000A)
    .ARM.Collect$$libshutdown$$0000000C      0x000004ae   Section        0  libshutdown2.o(.ARM.Collect$$libshutdown$$0000000C)
    .ARM.Collect$$libshutdown$$0000000F      0x000004ae   Section        0  libshutdown2.o(.ARM.Collect$$libshutdown$$0000000F)
    .ARM.Collect$$libshutdown$$00000010      0x000004ae   Section        2  libshutdown2.o(.ARM.Collect$$libshutdown$$00000010)
    .ARM.Collect$$rtentry$$00000000          0x000004b0   Section        0  __rtentry.o(.ARM.Collect$$rtentry$$00000000)
    .ARM.Collect$$rtentry$$00000002          0x000004b0   Section        0  __rtentry2.o(.ARM.Collect$$rtentry$$00000002)
    .ARM.Collect$$rtentry$$00000007          0x000004b0   Section        4  __rtentry7.o(.ARM.Collect$$rtentry$$00000007)
    .ARM.Collect$$rtentry$$00000009          0x000004b4   Section        0  __rtentry2.o(.ARM.Collect$$rtentry$$00000009)
    .ARM.Collect$$rtentry$$0000000A          0x000004b4   Section        4  __rtentry2.o(.ARM.Collect$$rtentry$$0000000A)
    .ARM.Collect$$rtentry$$0000000C          0x000004b8   Section        0  __rtentry2.o(.ARM.Collect$$rtentry$$0000000C)
    .ARM.Collect$$rtentry$$0000000D          0x000004b8   Section        8  __rtentry2.o(.ARM.Collect$$rtentry$$0000000D)
    __lit__00000000                          0x000004c0   Data           4  __rtentry7.o(.ARM.Collect$$rtentry$$00002718)
    .ARM.Collect$$rtentry$$00002718          0x000004c0   Section        4  __rtentry7.o(.ARM.Collect$$rtentry$$00002718)
    .ARM.Collect$$rtexit$$00000000           0x000004c4   Section        2  rtexit.o(.ARM.Collect$$rtexit$$00000000)
    .ARM.Collect$$rtexit$$00000002           0x000004c6   Section        0  rtexit2.o(.ARM.Collect$$rtexit$$00000002)
    .ARM.Collect$$rtexit$$00000003           0x000004c6   Section        4  rtexit2.o(.ARM.Collect$$rtexit$$00000003)
    .ARM.Collect$$rtexit$$00000004           0x000004ca   Section        6  rtexit2.o(.ARM.Collect$$rtexit$$00000004)
    .text                                    0x000004d0   Section      220  startup_mkl28z7.o(.text)
    .text                                    0x000005ac   Section      364  aeabi_sdiv.o(.text)
    .text                                    0x00000718   Section        0  exit.o(.text)
    .text                                    0x00000728   Section        0  sys_exit.o(.text)
    .text                                    0x00000734   Section        2  use_no_semi.o(.text)
    .text                                    0x00000736   Section        0  indicate_semi.o(.text)
    [Anonymous Symbol]                       0x00000738   Section        0  systick.o(.text.Init_SysTick)
    __arm_cp.0_0                             0x00000764   Number         4  systick.o(.text.Init_SysTick)
    [Anonymous Symbol]                       0x00000768   Section        0  main.o(.text.PORTE_IRQHandler)
    __arm_cp.5_0                             0x0000078c   Number         4  main.o(.text.PORTE_IRQHandler)
    __arm_cp.5_1                             0x00000790   Number         4  main.o(.text.PORTE_IRQHandler)
    SysTick_Config                           0x00000795   Thumb Code    68  systick.o(.text.SysTick_Config)
    [Anonymous Symbol]                       0x00000794   Section        0  systick.o(.text.SysTick_Config)
    __arm_cp.1_0                             0x000007d8   Number         4  systick.o(.text.SysTick_Config)
    __arm_cp.1_1                             0x000007dc   Number         4  systick.o(.text.SysTick_Config)
    __arm_cp.1_2                             0x000007e0   Number         4  systick.o(.text.SysTick_Config)
    [Anonymous Symbol]                       0x000007e4   Section        0  systick.o(.text.SysTick_Handler)
    __arm_cp.2_0                             0x000007fc   Number         4  systick.o(.text.SysTick_Handler)
    [Anonymous Symbol]                       0x00000800   Section        0  system_mkl28z7.o(.text.SystemInit)
    __arm_cp.0_0                             0x00000824   Number         4  system_mkl28z7.o(.text.SystemInit)
    __arm_cp.0_1                             0x00000828   Number         4  system_mkl28z7.o(.text.SystemInit)
    __arm_cp.0_2                             0x0000082c   Number         4  system_mkl28z7.o(.text.SystemInit)
    __arm_cp.0_3                             0x00000830   Number         4  system_mkl28z7.o(.text.SystemInit)
    __arm_cp.0_4                             0x00000834   Number         4  system_mkl28z7.o(.text.SystemInit)
    [Anonymous Symbol]                       0x00000838   Section        0  system_mkl28z7.o(.text.SystemInitHook)
    __NVIC_ClearPendingIRQ                   0x0000083d   Thumb Code    40  main.o(.text.__NVIC_ClearPendingIRQ)
    [Anonymous Symbol]                       0x0000083c   Section        0  main.o(.text.__NVIC_ClearPendingIRQ)
    __NVIC_ClearPendingIRQ                   0x00000865   Thumb Code    40  button.o(.text.__NVIC_ClearPendingIRQ)
    [Anonymous Symbol]                       0x00000864   Section        0  button.o(.text.__NVIC_ClearPendingIRQ)
    __arm_cp.2_0                             0x0000088c   Number         4  button.o(.text.__NVIC_ClearPendingIRQ)
    __NVIC_EnableIRQ                         0x00000891   Thumb Code    40  button.o(.text.__NVIC_EnableIRQ)
    [Anonymous Symbol]                       0x00000890   Section        0  button.o(.text.__NVIC_EnableIRQ)
    __arm_cp.3_0                             0x000008b8   Number         4  button.o(.text.__NVIC_EnableIRQ)
    __NVIC_SetPriority                       0x000008bd   Thumb Code   124  systick.o(.text.__NVIC_SetPriority)
    [Anonymous Symbol]                       0x000008bc   Section        0  systick.o(.text.__NVIC_SetPriority)
    __NVIC_SetPriority                       0x00000939   Thumb Code   124  button.o(.text.__NVIC_SetPriority)
    [Anonymous Symbol]                       0x00000938   Section        0  button.o(.text.__NVIC_SetPriority)
    __arm_cp.1_0                             0x000009b4   Number         4  button.o(.text.__NVIC_SetPriority)
    __arm_cp.1_1                             0x000009b8   Number         4  button.o(.text.__NVIC_SetPriority)
    [Anonymous Symbol]                       0x000009bc   Section        0  button.o(.text.configureButtons)
    __arm_cp.0_2                             0x00000b18   Number         4  button.o(.text.configureButtons)
    __arm_cp.0_3                             0x00000b1c   Number         4  button.o(.text.configureButtons)
    __arm_cp.0_4                             0x00000b20   Number         4  button.o(.text.configureButtons)
    __arm_cp.0_6                             0x00000b24   Number         4  button.o(.text.configureButtons)
    __arm_cp.0_7                             0x00000b28   Number         4  button.o(.text.configureButtons)
    __arm_cp.0_8                             0x00000b2c   Number         4  button.o(.text.configureButtons)
    __arm_cp.0_9                             0x00000b30   Number         4  button.o(.text.configureButtons)
    __arm_cp.0_10                            0x00000b34   Number         4  button.o(.text.configureButtons)
    [Anonymous Symbol]                       0x00000b38   Section        0  led.o(.text.configureLEDs)
    __arm_cp.0_0                             0x00000bb4   Number         4  led.o(.text.configureLEDs)
    __arm_cp.0_1                             0x00000bb8   Number         4  led.o(.text.configureLEDs)
    __arm_cp.0_2                             0x00000bbc   Number         4  led.o(.text.configureLEDs)
    __arm_cp.0_3                             0x00000bc0   Number         4  led.o(.text.configureLEDs)
    __arm_cp.0_4                             0x00000bc4   Number         4  led.o(.text.configureLEDs)
    __arm_cp.0_5                             0x00000bc8   Number         4  led.o(.text.configureLEDs)
    __arm_cp.0_6                             0x00000bcc   Number         4  led.o(.text.configureLEDs)
    __arm_cp.0_7                             0x00000bd0   Number         4  led.o(.text.configureLEDs)
    __arm_cp.0_8                             0x00000bd4   Number         4  led.o(.text.configureLEDs)
    __arm_cp.0_9                             0x00000bd8   Number         4  led.o(.text.configureLEDs)
    [Anonymous Symbol]                       0x00000bdc   Section        0  main.o(.text.initTask1)
    [Anonymous Symbol]                       0x00000bec   Section        0  main.o(.text.initTask2)
    [Anonymous Symbol]                       0x00000c1c   Section        0  main.o(.text.invertLEDs)
    __arm_cp.3_0                             0x00000cc4   Number         4  main.o(.text.invertLEDs)
    __arm_cp.3_1                             0x00000cc8   Number         4  main.o(.text.invertLEDs)
    [Anonymous Symbol]                       0x00000ccc   Section        0  button.o(.text.isPressed)
    __arm_cp.4_0                             0x00000d24   Number         4  button.o(.text.isPressed)
    __arm_cp.4_1                             0x00000d28   Number         4  button.o(.text.isPressed)
    __arm_cp.4_2                             0x00000d2c   Number         4  button.o(.text.isPressed)
    [Anonymous Symbol]                       0x00000d30   Section        0  led.o(.text.ledOnOff)
    __arm_cp.1_0                             0x00000d8c   Number         4  led.o(.text.ledOnOff)
    __arm_cp.1_1                             0x00000d90   Number         4  led.o(.text.ledOnOff)
    __arm_cp.1_2                             0x00000d94   Number         4  led.o(.text.ledOnOff)
    __arm_cp.1_3                             0x00000d98   Number         4  led.o(.text.ledOnOff)
    __arm_cp.1_4                             0x00000d9c   Number         4  led.o(.text.ledOnOff)
    [Anonymous Symbol]                       0x00000da0   Section        0  main.o(.text.main)
    [Anonymous Symbol]                       0x00000de0   Section        0  main.o(.text.task1pollB1)
    __arm_cp.1_0                             0x00000e7c   Number         4  main.o(.text.task1pollB1)
    __arm_cp.1_1                             0x00000e80   Number         4  main.o(.text.task1pollB1)
    __arm_cp.1_2                             0x00000e84   Number         4  main.o(.text.task1pollB1)
    [Anonymous Symbol]                       0x00000e88   Section        0  main.o(.text.task2LED)
    __arm_cp.4_0                             0x000010f8   Number         4  main.o(.text.task2LED)
    __arm_cp.4_1                             0x000010fc   Number         4  main.o(.text.task2LED)
    __arm_cp.4_2                             0x00001100   Number         4  main.o(.text.task2LED)
    __arm_cp.4_3                             0x00001104   Number         4  main.o(.text.task2LED)
    __arm_cp.4_4                             0x00001108   Number         4  main.o(.text.task2LED)
    __arm_cp.4_5                             0x0000110c   Number         4  main.o(.text.task2LED)
    [Anonymous Symbol]                       0x00001110   Section        0  systick.o(.text.waitSysTickCounter)
    __arm_cp.3_0                             0x0000112c   Number         4  systick.o(.text.waitSysTickCounter)

    Global Symbols

    Symbol Name                              Value     Ov Type        Size  Object(Section)

    BuildAttributes$$THM_ISAv3M$S$PE$A:L22$X:L11$S22$IEEE1$IW$~IW$USESV6$~STKCKD$USESV7$~SHL$OSPACE$ROPI$EBA8$UX$STANDARDLIB$REQ8$PRES8$EABIv2 0x00000000   Number         0  anon$$obj.o ABSOLUTE
    __Vectors                                0x00000000   Data           4  startup_mkl28z7.o(RESET)
    Image$$ZI$$Limit                          - Undefined Weak Reference
    __ARM_exceptions_init                     - Undefined Weak Reference
    __alloca_initialize                       - Undefined Weak Reference
    __arm_preinit_                            - Undefined Weak Reference
    __arm_relocate_pie_                       - Undefined Weak Reference
    __cpp_initialize__aeabi_                  - Undefined Weak Reference
    __cxa_finalize                            - Undefined Weak Reference
    __rt_locale                               - Undefined Weak Reference
    __sigvec_lookup                           - Undefined Weak Reference
    _atexit_init                              - Undefined Weak Reference
    _call_atexit_fns                          - Undefined Weak Reference
    _clock_init                               - Undefined Weak Reference
    _fp_trap_init                             - Undefined Weak Reference
    _fp_trap_shutdown                         - Undefined Weak Reference
    _get_lc_collate                           - Undefined Weak Reference
    _get_lc_ctype                             - Undefined Weak Reference
    _get_lc_monetary                          - Undefined Weak Reference
    _get_lc_numeric                           - Undefined Weak Reference
    _get_lc_time                              - Undefined Weak Reference
    _getenv_init                              - Undefined Weak Reference
    _handle_redirection                       - Undefined Weak Reference
    _init_alloc                               - Undefined Weak Reference
    _init_user_alloc                          - Undefined Weak Reference
    _initio                                   - Undefined Weak Reference
    _rand_init                                - Undefined Weak Reference
    _signal_finish                            - Undefined Weak Reference
    _signal_init                              - Undefined Weak Reference
    _terminate_alloc                          - Undefined Weak Reference
    _terminate_user_alloc                     - Undefined Weak Reference
    _terminateio                              - Undefined Weak Reference
    __Vectors_End                            0x00000140   Data           0  startup_mkl28z7.o(RESET)
    __Vectors_Size                           0x00000140   Number         0  startup_mkl28z7.o ABSOLUTE
    __main                                   0x00000411   Thumb Code     8  __main.o(!!!main)
    __scatterload                            0x00000419   Thumb Code     0  __scatter.o(!!!scatter)
    __scatterload_rt2                        0x00000419   Thumb Code    74  __scatter.o(!!!scatter)
    __scatterload_rt2_thumb_only             0x00000419   Thumb Code     0  __scatter.o(!!!scatter)
    __scatterload_loop                       0x00000423   Thumb Code     0  __scatter.o(!!!scatter)
    __scatterload_copy                       0x0000046d   Thumb Code    26  __scatter_copy.o(!!handler_copy)
    __scatterload_null                       0x00000489   Thumb Code     2  __scatter.o(!!handler_null)
    __scatterload_zeroinit                   0x0000048d   Thumb Code    28  __scatter_zi.o(!!handler_zi)
    __rt_lib_init                            0x000004a9   Thumb Code     0  libinit.o(.ARM.Collect$$libinit$$00000000)
    __rt_lib_init_alloca_1                   0x000004ab   Thumb Code     0  libinit2.o(.ARM.Collect$$libinit$$00000030)
    __rt_lib_init_argv_1                     0x000004ab   Thumb Code     0  libinit2.o(.ARM.Collect$$libinit$$0000002E)
    __rt_lib_init_atexit_1                   0x000004ab   Thumb Code     0  libinit2.o(.ARM.Collect$$libinit$$0000001D)
    __rt_lib_init_clock_1                    0x000004ab   Thumb Code     0  libinit2.o(.ARM.Collect$$libinit$$00000023)
    __rt_lib_init_cpp_1                      0x000004ab   Thumb Code     0  libinit2.o(.ARM.Collect$$libinit$$00000034)
    __rt_lib_init_exceptions_1               0x000004ab   Thumb Code     0  libinit2.o(.ARM.Collect$$libinit$$00000032)
    __rt_lib_init_fp_1                       0x000004ab   Thumb Code     0  libinit2.o(.ARM.Collect$$libinit$$00000002)
    __rt_lib_init_fp_trap_1                  0x000004ab   Thumb Code     0  libinit2.o(.ARM.Collect$$libinit$$00000021)
    __rt_lib_init_getenv_1                   0x000004ab   Thumb Code     0  libinit2.o(.ARM.Collect$$libinit$$00000025)
    __rt_lib_init_heap_1                     0x000004ab   Thumb Code     0  libinit2.o(.ARM.Collect$$libinit$$0000000C)
    __rt_lib_init_lc_collate_1               0x000004ab   Thumb Code     0  libinit2.o(.ARM.Collect$$libinit$$00000013)
    __rt_lib_init_lc_ctype_1                 0x000004ab   Thumb Code     0  libinit2.o(.ARM.Collect$$libinit$$00000015)
    __rt_lib_init_lc_monetary_1              0x000004ab   Thumb Code     0  libinit2.o(.ARM.Collect$$libinit$$00000017)
    __rt_lib_init_lc_numeric_1               0x000004ab   Thumb Code     0  libinit2.o(.ARM.Collect$$libinit$$00000019)
    __rt_lib_init_lc_time_1                  0x000004ab   Thumb Code     0  libinit2.o(.ARM.Collect$$libinit$$0000001B)
    __rt_lib_init_preinit_1                  0x000004ab   Thumb Code     0  libinit2.o(.ARM.Collect$$libinit$$00000006)
    __rt_lib_init_rand_1                     0x000004ab   Thumb Code     0  libinit2.o(.ARM.Collect$$libinit$$00000010)
    __rt_lib_init_relocate_pie_1             0x000004ab   Thumb Code     0  libinit2.o(.ARM.Collect$$libinit$$00000004)
    __rt_lib_init_return                     0x000004ab   Thumb Code     0  libinit2.o(.ARM.Collect$$libinit$$00000035)
    __rt_lib_init_signal_1                   0x000004ab   Thumb Code     0  libinit2.o(.ARM.Collect$$libinit$$0000001F)
    __rt_lib_init_stdio_1                    0x000004ab   Thumb Code     0  libinit2.o(.ARM.Collect$$libinit$$00000027)
    __rt_lib_init_user_alloc_1               0x000004ab   Thumb Code     0  libinit2.o(.ARM.Collect$$libinit$$0000000E)
    __rt_lib_shutdown                        0x000004ad   Thumb Code     0  libshutdown.o(.ARM.Collect$$libshutdown$$00000000)
    __rt_lib_shutdown_cpp_1                  0x000004af   Thumb Code     0  libshutdown2.o(.ARM.Collect$$libshutdown$$00000002)
    __rt_lib_shutdown_fp_trap_1              0x000004af   Thumb Code     0  libshutdown2.o(.ARM.Collect$$libshutdown$$00000007)
    __rt_lib_shutdown_heap_1                 0x000004af   Thumb Code     0  libshutdown2.o(.ARM.Collect$$libshutdown$$0000000F)
    __rt_lib_shutdown_return                 0x000004af   Thumb Code     0  libshutdown2.o(.ARM.Collect$$libshutdown$$00000010)
    __rt_lib_shutdown_signal_1               0x000004af   Thumb Code     0  libshutdown2.o(.ARM.Collect$$libshutdown$$0000000A)
    __rt_lib_shutdown_stdio_1                0x000004af   Thumb Code     0  libshutdown2.o(.ARM.Collect$$libshutdown$$00000004)
    __rt_lib_shutdown_user_alloc_1           0x000004af   Thumb Code     0  libshutdown2.o(.ARM.Collect$$libshutdown$$0000000C)
    __rt_entry                               0x000004b1   Thumb Code     0  __rtentry.o(.ARM.Collect$$rtentry$$00000000)
    __rt_entry_presh_1                       0x000004b1   Thumb Code     0  __rtentry2.o(.ARM.Collect$$rtentry$$00000002)
    __rt_entry_sh                            0x000004b1   Thumb Code     0  __rtentry7.o(.ARM.Collect$$rtentry$$00000007)
    __rt_entry_li                            0x000004b5   Thumb Code     0  __rtentry2.o(.ARM.Collect$$rtentry$$0000000A)
    __rt_entry_postsh_1                      0x000004b5   Thumb Code     0  __rtentry2.o(.ARM.Collect$$rtentry$$00000009)
    __rt_entry_main                          0x000004b9   Thumb Code     0  __rtentry2.o(.ARM.Collect$$rtentry$$0000000D)
    __rt_entry_postli_1                      0x000004b9   Thumb Code     0  __rtentry2.o(.ARM.Collect$$rtentry$$0000000C)
    __rt_exit                                0x000004c5   Thumb Code     0  rtexit.o(.ARM.Collect$$rtexit$$00000000)
    __rt_exit_ls                             0x000004c7   Thumb Code     0  rtexit2.o(.ARM.Collect$$rtexit$$00000003)
    __rt_exit_prels_1                        0x000004c7   Thumb Code     0  rtexit2.o(.ARM.Collect$$rtexit$$00000002)
    __rt_exit_exit                           0x000004cb   Thumb Code     0  rtexit2.o(.ARM.Collect$$rtexit$$00000004)
    Reset_Handler                            0x000004d1   Thumb Code    24  startup_mkl28z7.o(.text)
    NMI_Handler                              0x000004e9   Thumb Code     2  startup_mkl28z7.o(.text)
    HardFault_Handler                        0x000004eb   Thumb Code     2  startup_mkl28z7.o(.text)
    SVC_Handler                              0x000004ed   Thumb Code     2  startup_mkl28z7.o(.text)
    PendSV_Handler                           0x000004ef   Thumb Code     2  startup_mkl28z7.o(.text)
    DMA0_04_IRQHandler                       0x000004f3   Thumb Code     4  startup_mkl28z7.o(.text)
    DMA0_15_IRQHandler                       0x000004f7   Thumb Code     4  startup_mkl28z7.o(.text)
    DMA0_26_IRQHandler                       0x000004fb   Thumb Code     4  startup_mkl28z7.o(.text)
    DMA0_37_IRQHandler                       0x000004ff   Thumb Code     4  startup_mkl28z7.o(.text)
    CTI0_DMA0_Error_IRQHandler               0x00000503   Thumb Code     4  startup_mkl28z7.o(.text)
    FLEXIO0_IRQHandler                       0x00000507   Thumb Code     4  startup_mkl28z7.o(.text)
    LPSPI0_IRQHandler                        0x0000050b   Thumb Code     4  startup_mkl28z7.o(.text)
    LPSPI1_IRQHandler                        0x0000050f   Thumb Code     4  startup_mkl28z7.o(.text)
    LPUART0_IRQHandler                       0x00000513   Thumb Code     4  startup_mkl28z7.o(.text)
    LPUART1_IRQHandler                       0x00000517   Thumb Code     4  startup_mkl28z7.o(.text)
    LPI2C0_IRQHandler                        0x0000051b   Thumb Code     4  startup_mkl28z7.o(.text)
    LPI2C1_IRQHandler                        0x0000051f   Thumb Code     4  startup_mkl28z7.o(.text)
    I2S0_IRQHandler                          0x00000523   Thumb Code     4  startup_mkl28z7.o(.text)
    INTMUX0_0_IRQHandler                     0x00000527   Thumb Code     4  startup_mkl28z7.o(.text)
    INTMUX0_1_IRQHandler                     0x0000052b   Thumb Code     4  startup_mkl28z7.o(.text)
    INTMUX0_2_IRQHandler                     0x0000052f   Thumb Code     4  startup_mkl28z7.o(.text)
    INTMUX0_3_IRQHandler                     0x00000533   Thumb Code     4  startup_mkl28z7.o(.text)
    LPSPI2_IRQHandler                        0x00000537   Thumb Code     4  startup_mkl28z7.o(.text)
    LPUART2_IRQHandler                       0x0000053b   Thumb Code     4  startup_mkl28z7.o(.text)
    LPI2C2_IRQHandler                        0x0000053f   Thumb Code     4  startup_mkl28z7.o(.text)
    ADC0_IRQHandler                          0x00000543   Thumb Code     0  startup_mkl28z7.o(.text)
    CMP0_IRQHandler                          0x00000543   Thumb Code     0  startup_mkl28z7.o(.text)
    CMP1_IRQHandler                          0x00000543   Thumb Code     0  startup_mkl28z7.o(.text)
    CTI0_DMA0_Error_DriverIRQHandler         0x00000543   Thumb Code     0  startup_mkl28z7.o(.text)
    DAC0_IRQHandler                          0x00000543   Thumb Code     0  startup_mkl28z7.o(.text)
    DMA0_04_DriverIRQHandler                 0x00000543   Thumb Code     0  startup_mkl28z7.o(.text)
    DMA0_15_DriverIRQHandler                 0x00000543   Thumb Code     0  startup_mkl28z7.o(.text)
    DMA0_26_DriverIRQHandler                 0x00000543   Thumb Code     0  startup_mkl28z7.o(.text)
    DMA0_37_DriverIRQHandler                 0x00000543   Thumb Code     0  startup_mkl28z7.o(.text)
    DefaultISR                               0x00000543   Thumb Code     0  startup_mkl28z7.o(.text)
    EMVSIM0_IRQHandler                       0x00000543   Thumb Code     0  startup_mkl28z7.o(.text)
    FLEXIO0_DriverIRQHandler                 0x00000543   Thumb Code     0  startup_mkl28z7.o(.text)
    FTFA_IRQHandler                          0x00000543   Thumb Code     0  startup_mkl28z7.o(.text)
    I2S0_DriverIRQHandler                    0x00000543   Thumb Code     0  startup_mkl28z7.o(.text)
    INTMUX0_0_DriverIRQHandler               0x00000543   Thumb Code     0  startup_mkl28z7.o(.text)
    INTMUX0_1_DriverIRQHandler               0x00000543   Thumb Code     0  startup_mkl28z7.o(.text)
    INTMUX0_2_DriverIRQHandler               0x00000543   Thumb Code     0  startup_mkl28z7.o(.text)
    INTMUX0_3_DriverIRQHandler               0x00000543   Thumb Code     0  startup_mkl28z7.o(.text)
    LLWU0_IRQHandler                         0x00000543   Thumb Code     0  startup_mkl28z7.o(.text)
    LPI2C0_DriverIRQHandler                  0x00000543   Thumb Code     0  startup_mkl28z7.o(.text)
    LPI2C1_DriverIRQHandler                  0x00000543   Thumb Code     0  startup_mkl28z7.o(.text)
    LPI2C2_DriverIRQHandler                  0x00000543   Thumb Code     0  startup_mkl28z7.o(.text)
    LPIT0_IRQHandler                         0x00000543   Thumb Code     0  startup_mkl28z7.o(.text)
    LPSPI0_DriverIRQHandler                  0x00000543   Thumb Code     0  startup_mkl28z7.o(.text)
    LPSPI1_DriverIRQHandler                  0x00000543   Thumb Code     0  startup_mkl28z7.o(.text)
    LPSPI2_DriverIRQHandler                  0x00000543   Thumb Code     0  startup_mkl28z7.o(.text)
    LPTMR0_IRQHandler                        0x00000543   Thumb Code     0  startup_mkl28z7.o(.text)
    LPTMR1_IRQHandler                        0x00000543   Thumb Code     0  startup_mkl28z7.o(.text)
    LPUART0_DriverIRQHandler                 0x00000543   Thumb Code     0  startup_mkl28z7.o(.text)
    LPUART1_DriverIRQHandler                 0x00000543   Thumb Code     0  startup_mkl28z7.o(.text)
    LPUART2_DriverIRQHandler                 0x00000543   Thumb Code     0  startup_mkl28z7.o(.text)
    PMC_IRQHandler                           0x00000543   Thumb Code     0  startup_mkl28z7.o(.text)
    PORTA_IRQHandler                         0x00000543   Thumb Code     0  startup_mkl28z7.o(.text)
    PORTB_IRQHandler                         0x00000543   Thumb Code     0  startup_mkl28z7.o(.text)
    PORTC_IRQHandler                         0x00000543   Thumb Code     0  startup_mkl28z7.o(.text)
    PORTD_IRQHandler                         0x00000543   Thumb Code     0  startup_mkl28z7.o(.text)
    RCM_IRQHandler                           0x00000543   Thumb Code     0  startup_mkl28z7.o(.text)
    RTC_IRQHandler                           0x00000543   Thumb Code     0  startup_mkl28z7.o(.text)
    RTC_Seconds_IRQHandler                   0x00000543   Thumb Code     0  startup_mkl28z7.o(.text)
    Reserved32_IRQHandler                    0x00000543   Thumb Code     0  startup_mkl28z7.o(.text)
    Reserved49_IRQHandler                    0x00000543   Thumb Code     0  startup_mkl28z7.o(.text)
    Reserved50_IRQHandler                    0x00000543   Thumb Code     0  startup_mkl28z7.o(.text)
    Reserved51_IRQHandler                    0x00000543   Thumb Code     0  startup_mkl28z7.o(.text)
    Reserved67_IRQHandler                    0x00000543   Thumb Code     0  startup_mkl28z7.o(.text)
    Reserved68_IRQHandler                    0x00000543   Thumb Code     0  startup_mkl28z7.o(.text)
    Reserved69_IRQHandler                    0x00000543   Thumb Code     0  startup_mkl28z7.o(.text)
    Reserved70_IRQHandler                    0x00000543   Thumb Code     0  startup_mkl28z7.o(.text)
    Reserved71_IRQHandler                    0x00000543   Thumb Code     0  startup_mkl28z7.o(.text)
    Reserved72_IRQHandler                    0x00000543   Thumb Code     0  startup_mkl28z7.o(.text)
    Reserved73_IRQHandler                    0x00000543   Thumb Code     0  startup_mkl28z7.o(.text)
    Reserved74_IRQHandler                    0x00000543   Thumb Code     0  startup_mkl28z7.o(.text)
    Reserved75_IRQHandler                    0x00000543   Thumb Code     0  startup_mkl28z7.o(.text)
    Reserved76_IRQHandler                    0x00000543   Thumb Code     0  startup_mkl28z7.o(.text)
    Reserved77_IRQHandler                    0x00000543   Thumb Code     0  startup_mkl28z7.o(.text)
    Reserved78_IRQHandler                    0x00000543   Thumb Code     0  startup_mkl28z7.o(.text)
    Reserved79_IRQHandler                    0x00000543   Thumb Code     0  startup_mkl28z7.o(.text)
    SCG_IRQHandler                           0x00000543   Thumb Code     0  startup_mkl28z7.o(.text)
    TPM0_IRQHandler                          0x00000543   Thumb Code     0  startup_mkl28z7.o(.text)
    TPM1_IRQHandler                          0x00000543   Thumb Code     0  startup_mkl28z7.o(.text)
    TPM2_IRQHandler                          0x00000543   Thumb Code     0  startup_mkl28z7.o(.text)
    TRNG_IRQHandler                          0x00000543   Thumb Code     0  startup_mkl28z7.o(.text)
    TSI0_IRQHandler                          0x00000543   Thumb Code     0  startup_mkl28z7.o(.text)
    USB0_IRQHandler                          0x00000543   Thumb Code     0  startup_mkl28z7.o(.text)
    WDOG0_IRQHandler                         0x00000543   Thumb Code     0  startup_mkl28z7.o(.text)
    __aeabi_uidiv                            0x000005ad   Thumb Code     0  aeabi_sdiv.o(.text)
    __aeabi_uidivmod                         0x000005ad   Thumb Code    20  aeabi_sdiv.o(.text)
    __aeabi_idiv                             0x000005c1   Thumb Code     0  aeabi_sdiv.o(.text)
    __aeabi_idivmod                          0x000005c1   Thumb Code   338  aeabi_sdiv.o(.text)
    exit                                     0x00000719   Thumb Code    16  exit.o(.text)
    _sys_exit                                0x00000729   Thumb Code     8  sys_exit.o(.text)
    __I$use$semihosting                      0x00000735   Thumb Code     0  use_no_semi.o(.text)
    __use_no_semihosting_swi                 0x00000735   Thumb Code     2  use_no_semi.o(.text)
    __semihosting_library_function           0x00000737   Thumb Code     0  indicate_semi.o(.text)
    Init_SysTick                             0x00000739   Thumb Code    44  systick.o(.text.Init_SysTick)
    PORTE_IRQHandler                         0x00000769   Thumb Code    36  main.o(.text.PORTE_IRQHandler)
    SysTick_Handler                          0x000007e5   Thumb Code    24  systick.o(.text.SysTick_Handler)
    SystemInit                               0x00000801   Thumb Code    36  system_mkl28z7.o(.text.SystemInit)
    SystemInitHook                           0x00000839   Thumb Code     2  system_mkl28z7.o(.text.SystemInitHook)
    configureButtons                         0x000009bd   Thumb Code   348  button.o(.text.configureButtons)
    configureLEDs                            0x00000b39   Thumb Code   124  led.o(.text.configureLEDs)
    initTask1                                0x00000bdd   Thumb Code    16  main.o(.text.initTask1)
    initTask2                                0x00000bed   Thumb Code    48  main.o(.text.initTask2)
    invertLEDs                               0x00000c1d   Thumb Code   168  main.o(.text.invertLEDs)
    isPressed                                0x00000ccd   Thumb Code    88  button.o(.text.isPressed)
    ledOnOff                                 0x00000d31   Thumb Code    92  led.o(.text.ledOnOff)
    main                                     0x00000da1   Thumb Code    62  main.o(.text.main)
    task1pollB1                              0x00000de1   Thumb Code   156  main.o(.text.task1pollB1)
    task2LED                                 0x00000e89   Thumb Code   624  main.o(.text.task2LED)
    waitSysTickCounter                       0x00001111   Thumb Code    28  systick.o(.text.waitSysTickCounter)
    ledMask                                  0x00001130   Data          20  led.o(.rodata.ledMask)
    leds                                     0x00001144   Data          20  main.o(.rodata.leds)
    Region$$Table$$Base                      0x00001158   Number         0  anon$$obj.o(Region$$Table)
    Region$$Table$$Limit                     0x00001178   Number         0  anon$$obj.o(Region$$Table)
    SystemCoreClock                          0x1fff8000   Data           4  system_mkl28z7.o(.data.SystemCoreClock)
    current                                  0x1fff8004   Data           4  main.o(.data.current)
    delayCount                               0x1fff8008   Data           4  main.o(.data.delayCount)
    SysTickCounter                           0x1fff800c   Data           4  systick.o(.bss.SysTickCounter)
    b1BounceCount                            0x1fff8010   Data           4  main.o(.bss.b1BounceCount)
    b1State                                  0x1fff8014   Data           4  main.o(.bss.b1State)
    direction                                0x1fff8018   Data           4  main.o(.bss.direction)
    pressedB1_ev                             0x1fff801c   Data           1  main.o(.bss.pressedB1_ev)
    pressedB5_ev                             0x1fff801d   Data           1  main.o(.bss.pressedB5_ev)
    Image$$ARM_LIB_HEAP$$ZI$$Base            0x1fff8020   Number         0  anon$$obj.o ABSOLUTE
    Image$$ARM_LIB_HEAP$$ZI$$Limit           0x1fff8420   Number         0  anon$$obj.o ABSOLUTE
    Image$$ARM_LIB_STACK$$ZI$$Limit          0x20018000   Number         0  anon$$obj.o ABSOLUTE



==============================================================================

Memory Map of the image

  Image Entry point : 0x00000411

  Load Region LR_m_text (Base: 0x00000000, Size: 0x00001184, Max: 0x00080000, ABSOLUTE)

    Execution Region VECTOR_ROM (Exec base: 0x00000000, Load base: 0x00000000, Size: 0x00000140, Max: 0x00000140, ABSOLUTE)

    Exec Addr    Load Addr    Size         Type   Attr      Idx    E Section Name        Object

    0x00000000   0x00000000   0x00000140   Data   RO           82    RESET               startup_mkl28z7.o


    Execution Region ER_m_flash_config (Exec base: 0x00000400, Load base: 0x00000400, Size: 0x00000010, Max: 0x00000010, ABSOLUTE, FIXED)

    Exec Addr    Load Addr    Size         Type   Attr      Idx    E Section Name        Object

    0x00000400   0x00000400   0x00000010   Data   RO           83    FlashConfig         startup_mkl28z7.o


    Execution Region ER_m_text (Exec base: 0x00000410, Load base: 0x00000410, Size: 0x00000d68, Max: 0x0007fbf0, ABSOLUTE)

    Exec Addr    Load Addr    Size         Type   Attr      Idx    E Section Name        Object

    0x00000410   0x00000410   0x00000008   Code   RO          110  * !!!main             c_p.l(__main.o)
    0x00000418   0x00000418   0x00000054   Code   RO          300    !!!scatter          c_p.l(__scatter.o)
    0x0000046c   0x0000046c   0x0000001a   Code   RO          304    !!handler_copy      c_p.l(__scatter_copy.o)
    0x00000486   0x00000486   0x00000002   PAD
    0x00000488   0x00000488   0x00000002   Code   RO          301    !!handler_null      c_p.l(__scatter.o)
    0x0000048a   0x0000048a   0x00000002   PAD
    0x0000048c   0x0000048c   0x0000001c   Code   RO          306    !!handler_zi        c_p.l(__scatter_zi.o)
    0x000004a8   0x000004a8   0x00000002   Code   RO          153    .ARM.Collect$$libinit$$00000000  c_p.l(libinit.o)
    0x000004aa   0x000004aa   0x00000000   Code   RO          171    .ARM.Collect$$libinit$$00000002  c_p.l(libinit2.o)
    0x000004aa   0x000004aa   0x00000000   Code   RO          173    .ARM.Collect$$libinit$$00000004  c_p.l(libinit2.o)
    0x000004aa   0x000004aa   0x00000000   Code   RO          175    .ARM.Collect$$libinit$$00000006  c_p.l(libinit2.o)
    0x000004aa   0x000004aa   0x00000000   Code   RO          178    .ARM.Collect$$libinit$$0000000C  c_p.l(libinit2.o)
    0x000004aa   0x000004aa   0x00000000   Code   RO          180    .ARM.Collect$$libinit$$0000000E  c_p.l(libinit2.o)
    0x000004aa   0x000004aa   0x00000000   Code   RO          182    .ARM.Collect$$libinit$$00000010  c_p.l(libinit2.o)
    0x000004aa   0x000004aa   0x00000000   Code   RO          185    .ARM.Collect$$libinit$$00000013  c_p.l(libinit2.o)
    0x000004aa   0x000004aa   0x00000000   Code   RO          187    .ARM.Collect$$libinit$$00000015  c_p.l(libinit2.o)
    0x000004aa   0x000004aa   0x00000000   Code   RO          189    .ARM.Collect$$libinit$$00000017  c_p.l(libinit2.o)
    0x000004aa   0x000004aa   0x00000000   Code   RO          191    .ARM.Collect$$libinit$$00000019  c_p.l(libinit2.o)
    0x000004aa   0x000004aa   0x00000000   Code   RO          193    .ARM.Collect$$libinit$$0000001B  c_p.l(libinit2.o)
    0x000004aa   0x000004aa   0x00000000   Code   RO          195    .ARM.Collect$$libinit$$0000001D  c_p.l(libinit2.o)
    0x000004aa   0x000004aa   0x00000000   Code   RO          197    .ARM.Collect$$libinit$$0000001F  c_p.l(libinit2.o)
    0x000004aa   0x000004aa   0x00000000   Code   RO          199    .ARM.Collect$$libinit$$00000021  c_p.l(libinit2.o)
    0x000004aa   0x000004aa   0x00000000   Code   RO          201    .ARM.Collect$$libinit$$00000023  c_p.l(libinit2.o)
    0x000004aa   0x000004aa   0x00000000   Code   RO          203    .ARM.Collect$$libinit$$00000025  c_p.l(libinit2.o)
    0x000004aa   0x000004aa   0x00000000   Code   RO          205    .ARM.Collect$$libinit$$00000027  c_p.l(libinit2.o)
    0x000004aa   0x000004aa   0x00000000   Code   RO          209    .ARM.Collect$$libinit$$0000002E  c_p.l(libinit2.o)
    0x000004aa   0x000004aa   0x00000000   Code   RO          211    .ARM.Collect$$libinit$$00000030  c_p.l(libinit2.o)
    0x000004aa   0x000004aa   0x00000000   Code   RO          213    .ARM.Collect$$libinit$$00000032  c_p.l(libinit2.o)
    0x000004aa   0x000004aa   0x00000000   Code   RO          215    .ARM.Collect$$libinit$$00000034  c_p.l(libinit2.o)
    0x000004aa   0x000004aa   0x00000002   Code   RO          216    .ARM.Collect$$libinit$$00000035  c_p.l(libinit2.o)
    0x000004ac   0x000004ac   0x00000002   Code   RO          255    .ARM.Collect$$libshutdown$$00000000  c_p.l(libshutdown.o)
    0x000004ae   0x000004ae   0x00000000   Code   RO          283    .ARM.Collect$$libshutdown$$00000002  c_p.l(libshutdown2.o)
    0x000004ae   0x000004ae   0x00000000   Code   RO          285    .ARM.Collect$$libshutdown$$00000004  c_p.l(libshutdown2.o)
    0x000004ae   0x000004ae   0x00000000   Code   RO          288    .ARM.Collect$$libshutdown$$00000007  c_p.l(libshutdown2.o)
    0x000004ae   0x000004ae   0x00000000   Code   RO          291    .ARM.Collect$$libshutdown$$0000000A  c_p.l(libshutdown2.o)
    0x000004ae   0x000004ae   0x00000000   Code   RO          293    .ARM.Collect$$libshutdown$$0000000C  c_p.l(libshutdown2.o)
    0x000004ae   0x000004ae   0x00000000   Code   RO          296    .ARM.Collect$$libshutdown$$0000000F  c_p.l(libshutdown2.o)
    0x000004ae   0x000004ae   0x00000002   Code   RO          297    .ARM.Collect$$libshutdown$$00000010  c_p.l(libshutdown2.o)
    0x000004b0   0x000004b0   0x00000000   Code   RO          112    .ARM.Collect$$rtentry$$00000000  c_p.l(__rtentry.o)
    0x000004b0   0x000004b0   0x00000000   Code   RO          118    .ARM.Collect$$rtentry$$00000002  c_p.l(__rtentry2.o)
    0x000004b0   0x000004b0   0x00000004   Code   RO          132    .ARM.Collect$$rtentry$$00000007  c_p.l(__rtentry7.o)
    0x000004b4   0x000004b4   0x00000000   Code   RO          120    .ARM.Collect$$rtentry$$00000009  c_p.l(__rtentry2.o)
    0x000004b4   0x000004b4   0x00000004   Code   RO          121    .ARM.Collect$$rtentry$$0000000A  c_p.l(__rtentry2.o)
    0x000004b8   0x000004b8   0x00000000   Code   RO          123    .ARM.Collect$$rtentry$$0000000C  c_p.l(__rtentry2.o)
    0x000004b8   0x000004b8   0x00000008   Code   RO          124    .ARM.Collect$$rtentry$$0000000D  c_p.l(__rtentry2.o)
    0x000004c0   0x000004c0   0x00000004   Code   RO          133    .ARM.Collect$$rtentry$$00002718  c_p.l(__rtentry7.o)
    0x000004c4   0x000004c4   0x00000002   Code   RO          162    .ARM.Collect$$rtexit$$00000000  c_p.l(rtexit.o)
    0x000004c6   0x000004c6   0x00000000   Code   RO          229    .ARM.Collect$$rtexit$$00000002  c_p.l(rtexit2.o)
    0x000004c6   0x000004c6   0x00000004   Code   RO          230    .ARM.Collect$$rtexit$$00000003  c_p.l(rtexit2.o)
    0x000004ca   0x000004ca   0x00000006   Code   RO          231    .ARM.Collect$$rtexit$$00000004  c_p.l(rtexit2.o)
    0x000004d0   0x000004d0   0x000000dc   Code   RO           84    .text               startup_mkl28z7.o
    0x000005ac   0x000005ac   0x0000016c   Code   RO          106    .text               c_p.l(aeabi_sdiv.o)
    0x00000718   0x00000718   0x00000010   Code   RO          142    .text               c_p.l(exit.o)
    0x00000728   0x00000728   0x0000000c   Code   RO          221    .text               c_p.l(sys_exit.o)
    0x00000734   0x00000734   0x00000002   Code   RO          225    .text               c_p.l(use_no_semi.o)
    0x00000736   0x00000736   0x00000000   Code   RO          227    .text               c_p.l(indicate_semi.o)
    0x00000736   0x00000736   0x00000002   PAD
    0x00000738   0x00000738   0x00000030   Code   RO           36    .text.Init_SysTick  systick.o
    0x00000768   0x00000768   0x0000002c   Code   RO           14    .text.PORTE_IRQHandler  main.o
    0x00000794   0x00000794   0x00000050   Code   RO           38    .text.SysTick_Config  systick.o
    0x000007e4   0x000007e4   0x0000001c   Code   RO           40    .text.SysTick_Handler  systick.o
    0x00000800   0x00000800   0x00000038   Code   RO           91    .text.SystemInit    system_mkl28z7.o
    0x00000838   0x00000838   0x00000002   Code   RO           93    .text.SystemInitHook  system_mkl28z7.o
    0x0000083a   0x0000083a   0x00000002   PAD
    0x0000083c   0x0000083c   0x00000028   Code   RO           16    .text.__NVIC_ClearPendingIRQ  main.o
    0x00000864   0x00000864   0x0000002c   Code   RO           58    .text.__NVIC_ClearPendingIRQ  button.o
    0x00000890   0x00000890   0x0000002c   Code   RO           60    .text.__NVIC_EnableIRQ  button.o
    0x000008bc   0x000008bc   0x0000007c   Code   RO           44    .text.__NVIC_SetPriority  systick.o
    0x00000938   0x00000938   0x00000084   Code   RO           56    .text.__NVIC_SetPriority  button.o
    0x000009bc   0x000009bc   0x0000017c   Code   RO           54    .text.configureButtons  button.o
    0x00000b38   0x00000b38   0x000000a4   Code   RO           71    .text.configureLEDs  led.o
    0x00000bdc   0x00000bdc   0x00000010   Code   RO            4    .text.initTask1     main.o
    0x00000bec   0x00000bec   0x00000030   Code   RO            8    .text.initTask2     main.o
    0x00000c1c   0x00000c1c   0x000000b0   Code   RO           10    .text.invertLEDs    main.o
    0x00000ccc   0x00000ccc   0x00000064   Code   RO           62    .text.isPressed     button.o
    0x00000d30   0x00000d30   0x00000070   Code   RO           73    .text.ledOnOff      led.o
    0x00000da0   0x00000da0   0x0000003e   Code   RO           18    .text.main          main.o
    0x00000dde   0x00000dde   0x00000002   PAD
    0x00000de0   0x00000de0   0x000000a8   Code   RO            6    .text.task1pollB1   main.o
    0x00000e88   0x00000e88   0x00000288   Code   RO           12    .text.task2LED      main.o
    0x00001110   0x00001110   0x00000020   Code   RO           42    .text.waitSysTickCounter  systick.o
    0x00001130   0x00001130   0x00000014   Data   RO           75    .rodata.ledMask     led.o
    0x00001144   0x00001144   0x00000014   Data   RO           23    .rodata.leds        main.o
    0x00001158   0x00001158   0x00000020   Data   RO          299    Region$$Table       anon$$obj.o


    Execution Region RW_m_data (Exec base: 0x1fff8000, Load base: 0x00001178, Size: 0x00000020, Max: 0x0001f800, ABSOLUTE)

    Exec Addr    Load Addr    Size         Type   Attr      Idx    E Section Name        Object

    0x1fff8000   0x00001178   0x00000004   Data   RW           97    .data.SystemCoreClock  system_mkl28z7.o
    0x1fff8004   0x0000117c   0x00000004   Data   RW           25    .data.current       main.o
    0x1fff8008   0x00001180   0x00000004   Data   RW           26    .data.delayCount    main.o
    0x1fff800c        -       0x00000004   Zero   RW           46    .bss.SysTickCounter  systick.o
    0x1fff8010        -       0x00000004   Zero   RW           22    .bss.b1BounceCount  main.o
    0x1fff8014        -       0x00000004   Zero   RW           20    .bss.b1State        main.o
    0x1fff8018        -       0x00000004   Zero   RW           24    .bss.direction      main.o
    0x1fff801c        -       0x00000001   Zero   RW           21    .bss.pressedB1_ev   main.o
    0x1fff801d        -       0x00000001   Zero   RW           27    .bss.pressedB5_ev   main.o


    Execution Region ARM_LIB_HEAP (Exec base: 0x1fff8020, Load base: 0x00001184, Size: 0x00000400, Max: 0x00000400, ABSOLUTE)

    Exec Addr    Load Addr    Size         Type   Attr      Idx    E Section Name        Object

    0x1fff8020        -       0x00000400   Zero   RW            1    ARM_LIB_HEAP.bss    anon$$obj.o


    Execution Region ARM_LIB_STACK (Exec base: 0x20017c00, Load base: 0x00001184, Size: 0x00000400, Max: 0x00000400, ABSOLUTE)

    Exec Addr    Load Addr    Size         Type   Attr      Idx    E Section Name        Object

    0x20017c00        -       0x00000400   Zero   RW            2    ARM_LIB_STACK.bss   anon$$obj.o


==============================================================================

Image component sizes


      Code (inc. data)   RO Data    RW Data    ZI Data      Debug   Object Name

       700         60          0          0          0       4437   button.o
       276         60         20          0          0       1570   led.o
      1202         68         20          8         14       4837   main.o
       220        102        336          0          0       1624   startup_mkl28z7.o
        58         20          0          4          0       2220   system_mkl28z7.o
       312         24          0          0          4       3697   systick.o

    ----------------------------------------------------------------------
      2772        334        408         12       2068      18385   Object Totals
         0          0         32          0       2048          0   (incl. Generated)
         4          0          0          0          2          0   (incl. Padding)

    ----------------------------------------------------------------------

      Code (inc. data)   RO Data    RW Data    ZI Data      Debug   Library Member Name

         8          0          0          0          0         68   __main.o
         0          0          0          0          0          0   __rtentry.o
        12          0          0          0          0          0   __rtentry2.o
         8          4          0          0          0          0   __rtentry7.o
        86         10          0          0          0          0   __scatter.o
        26          0          0          0          0          0   __scatter_copy.o
        28          0          0          0          0          0   __scatter_zi.o
       364          4          0          0          0         92   aeabi_sdiv.o
        16          0          0          0          0         68   exit.o
         0          0          0          0          0          0   indicate_semi.o
         2          0          0          0          0          0   libinit.o
         2          0          0          0          0          0   libinit2.o
         2          0          0          0          0          0   libshutdown.o
         2          0          0          0          0          0   libshutdown2.o
         2          0          0          0          0          0   rtexit.o
        10          0          0          0          0          0   rtexit2.o
        12          4          0          0          0         60   sys_exit.o
         2          0          0          0          0         68   use_no_semi.o

    ----------------------------------------------------------------------
       588         22          0          0          0        356   Library Totals
         6          0          0          0          0          0   (incl. Padding)

    ----------------------------------------------------------------------

      Code (inc. data)   RO Data    RW Data    ZI Data      Debug   Library Name

       582         22          0          0          0        356   c_p.l

    ----------------------------------------------------------------------
       588         22          0          0          0        356   Library Totals

    ----------------------------------------------------------------------

==============================================================================


      Code (inc. data)   RO Data    RW Data    ZI Data      Debug   

      3360        356        408         12       2068      18733   Grand Totals
      3360        356        408         12       2068      18733   ELF Image Totals
      3360        356        408         12          0          0   ROM Totals

==============================================================================

    Total RO  Size (Code + RO Data)                 3768 (   3.68kB)
    Total RW  Size (RW Data + ZI Data)              2080 (   2.03kB)
    Total ROM Size (Code + RO Data + RW Data)       3780 (   3.69kB)

==============================================================================

